TAP version 13
# Subtest: R02 同排中心选择一次，极速横移不重复加兵
not ok 1 - R02 同排中心选择一次，极速横移不重复加兵
  ---
  duration_ms: 0.895083
  type: 'test'
  location: '/Users/yvainair/Code/游戏-左右滑古代史/.cache/negative-gate/rules.test.ts:2:957'
  failureType: 'testCodeFailure'
  error: |-
    Expected values to be strictly equal:
    
    256 !== 20
    
  code: 'ERR_ASSERTION'
  name: 'AssertionError'
  expected: 20
  actual: 256
  operator: 'strictEqual'
  stack: |-
    TestContext.<anonymous> (/Users/yvainair/Code/游戏-左右滑古代史/.cache/negative-gate/rules.test.ts:7:193)
    Test.runInAsyncScope (node:async_hooks:214:14)
    Test.run (node:internal/test_runner/test:1047:25)
    Test.start (node:internal/test_runner/test:944:17)
    startSubtestAfterBootstrap (node:internal/test_runner/harness:296:17)
  ...
1..1
# tests 1
# suites 0
# pass 0
# fail 1
# cancelled 0
# skipped 0
# todo 0
# duration_ms 104.359625
