TAP version 13
# Subtest: v051 blade reaches Boss 1 by MELEE, not only wave
not ok 1 - v051 blade reaches Boss 1 by MELEE, not only wave
  ---
  duration_ms: 2.707042
  type: 'test'
  location: '/Users/yvainair/Code/游戏-左右滑古代史/tests/contact-v051.contract.test.ts:2:1681'
  failureType: 'testCodeFailure'
  error: 'A successful wave or an overall victory cannot substitute for blade contact'
  code: 'ERR_ASSERTION'
  name: 'AssertionError'
  expected: true
  actual: false
  operator: '=='
  stack: |-
    TestContext.<anonymous> (/Users/yvainair/Code/游戏-左右滑古代史/tests/contact-v051.contract.test.ts:38:12)
    Test.runInAsyncScope (node:async_hooks:214:14)
    Test.run (node:internal/test_runner/test:1047:25)
    Test.start (node:internal/test_runner/test:944:17)
    startSubtestAfterBootstrap (node:internal/test_runner/harness:296:17)
  ...
# Subtest: v051 blade reaches Boss 2 by MELEE, not only wave
not ok 2 - v051 blade reaches Boss 2 by MELEE, not only wave
  ---
  duration_ms: 0.931
  type: 'test'
  location: '/Users/yvainair/Code/游戏-左右滑古代史/tests/contact-v051.contract.test.ts:2:1681'
  failureType: 'testCodeFailure'
  error: 'A successful wave or an overall victory cannot substitute for blade contact'
  code: 'ERR_ASSERTION'
  name: 'AssertionError'
  expected: true
  actual: false
  operator: '=='
  stack: |-
    TestContext.<anonymous> (/Users/yvainair/Code/游戏-左右滑古代史/tests/contact-v051.contract.test.ts:38:12)
    Test.runInAsyncScope (node:async_hooks:214:14)
    Test.run (node:internal/test_runner/test:1047:25)
    Test.processPendingSubtests (node:internal/test_runner/test:744:18)
    Test.postRun (node:internal/test_runner/test:1173:19)
    Test.run (node:internal/test_runner/test:1101:12)
    async startSubtestAfterBootstrap (node:internal/test_runner/harness:296:3)
  ...
# Subtest: v051 blade reaches Boss 3 by MELEE, not only wave
ok 3 - v051 blade reaches Boss 3 by MELEE, not only wave
  ---
  duration_ms: 0.633583
  type: 'test'
  ...
# Subtest: v051 xing_daorong can physically contact the second Boss
not ok 4 - v051 xing_daorong can physically contact the second Boss
  ---
  duration_ms: 1.205
  type: 'test'
  location: '/Users/yvainair/Code/游戏-左右滑古代史/tests/contact-v051.contract.test.ts:2:2084'
  failureType: 'testCodeFailure'
  error: 'The named companion needs a model-reachable contact, not only an outgoing wave'
  code: 'ERR_ASSERTION'
  name: 'AssertionError'
  expected: true
  actual: false
  operator: '=='
  stack: |-
    TestContext.<anonymous> (/Users/yvainair/Code/游戏-左右滑古代史/tests/contact-v051.contract.test.ts:48:12)
    Test.runInAsyncScope (node:async_hooks:214:14)
    Test.run (node:internal/test_runner/test:1047:25)
    Test.processPendingSubtests (node:internal/test_runner/test:744:18)
    Test.postRun (node:internal/test_runner/test:1173:19)
    Test.run (node:internal/test_runner/test:1101:12)
    async Test.processPendingSubtests (node:internal/test_runner/test:744:7)
  ...
# Subtest: v051 zhao_yun_guest can physically contact the second Boss
not ok 5 - v051 zhao_yun_guest can physically contact the second Boss
  ---
  duration_ms: 0.96475
  type: 'test'
  location: '/Users/yvainair/Code/游戏-左右滑古代史/tests/contact-v051.contract.test.ts:2:2084'
  failureType: 'testCodeFailure'
  error: 'The named companion needs a model-reachable contact, not only an outgoing wave'
  code: 'ERR_ASSERTION'
  name: 'AssertionError'
  expected: true
  actual: false
  operator: '=='
  stack: |-
    TestContext.<anonymous> (/Users/yvainair/Code/游戏-左右滑古代史/tests/contact-v051.contract.test.ts:48:12)
    Test.runInAsyncScope (node:async_hooks:214:14)
    Test.run (node:internal/test_runner/test:1047:25)
    Test.processPendingSubtests (node:internal/test_runner/test:744:18)
    Test.postRun (node:internal/test_runner/test:1173:19)
    Test.run (node:internal/test_runner/test:1101:12)
    async Test.processPendingSubtests (node:internal/test_runner/test:744:7)
  ...
# Subtest: v051 off-axis blade misses; do not globally widen the arena to pass
ok 6 - v051 off-axis blade misses; do not globally widen the arena to pass
  ---
  duration_ms: 1.081167
  type: 'test'
  ...
# Subtest: v051 contact and wave retain one per-source per-attack target ledger
ok 7 - v051 contact and wave retain one per-source per-attack target ledger
  ---
  duration_ms: 0.903541
  type: 'test'
  ...
# Subtest: v051 pause still freezes approach, contact cycle and traveling waves
ok 8 - v051 pause still freezes approach, contact cycle and traveling waves
  ---
  duration_ms: 0.776083
  type: 'test'
  ...
1..8
# tests 8
# suites 0
# pass 4
# fail 4
# cancelled 0
# skipped 0
# todo 0
# duration_ms 182.94925
