
> yilu-changge@1.0.0-formal20260927 build:wechat
> node tools/build.mjs wechatgame && node tools/formal-wechat-optimize.mjs

{"assets":10,"frames":230,"runtimeBytes":1654723}
{"assets":8,"missing":[],"newRuntimeBytes":868156,"estimatedMargin":1242144}
/Applications/CocosCreator/Creator/3.8.8/CocosCreator.app/Contents/MacOS/CocosCreator --project /Users/yvainair/Code/游戏-左右滑古代史 --build configPath=/Users/yvainair/Code/游戏-左右滑古代史/.cache/build-wechatgame-local.json
init **** success
Arguments:
  /Applications/CocosCreator/Creator/3.8.8/CocosCreator.app/Contents/MacOS/CocosCreator: true
  project: /Users/yvainair/Code/游戏-左右滑古代史
  build: configPath=/Users/yvainair/Code/游戏-左右滑古代史/.cache/build-wechatgame-local.json
  dev: false
  home: /Users/yvainair/.CocosCreator
 
[Package] metrics@1.0.0 enable
[Package] menu@1.0.0 enable
[Package] profile@1.0.0 enable
[Package] project@1.0.6 enable
[Package] messages@1.0.0 enable
[Package] utils@1.0.0 enable
[Package] program@1.0.4 enable
[Package] tester@1.0.0 enable
[Package] information@1.0.1 enable
[Package] preferences@1.0.0 enable
[EditorQuickCompiler]Version information looks good.
Note, quick compiler does not get launched.
engine:compile-builtin-engine-success (90ms)
Load engine in /Applications/CocosCreator/Creator/3.8.8/CocosCreator.app/Contents/Resources/resources/3d/engine
Register native engine in /Applications/CocosCreator/Creator/3.8.8/CocosCreator.app/Contents/Resources/resources/3d/engine/native
[Package] engine@1.0.12 enable
[Package] programming@1.0.0 enable
[Package] window@1.0.0 enable
Request namespace: device-list
[Package] device@1.0.1 enable
[Package] ui-kit@1.0.1 enable
[Package] asset-db@1.0.0 enable
[Package] scene@1.0.3 enable
[Package] server@1.0.0 enable
[Package] preview@1.0.1 enable
Preview import map: {
  "imports": {
    "cc": "cce:/internal/x/cc",
    "cc/env": "cc/editor/populate-internal-constants",
    "cce.env": "cc/editor/populate-internal-constants",
    "cc/userland/macro": "./userland/macro"
  }
}
[Package] animator@1.0.0 enable
[Build] internalRegister pkg(scene) in android platform success!
[Package] builder@1.3.9 enable
[Build] internalRegister pkg(scene) in google-play platform success!
[Build] internalRegister pkg(scene) in ohos platform success!
[Build] internalRegister pkg(scene) in harmonyos-next platform success!
[Build] internalRegister pkg(scene) in huawei-agc platform success!
[Build] internalRegister pkg(scene) in ios platform success!
[Build] internalRegister pkg(scene) in windows platform success!
[Build] internalRegister pkg(scene) in mac platform success!
[Build] internalRegister pkg(scene) in linux platform success!
[Build] internalRegister pkg(scene) in alipay-mini-game platform success!
[Build] internalRegister pkg(scene) in taobao-creative-app platform success!
[Build] internalRegister pkg(scene) in taobao-mini-game platform success!
[Build] internalRegister pkg(scene) in bytedance-mini-game platform success!
[Build] internalRegister pkg(scene) in oppo-mini-game platform success!
[Build] internalRegister pkg(scene) in huawei-quick-game platform success!
[Build] internalRegister pkg(scene) in migu-mini-game platform success!
[Build] internalRegister pkg(scene) in honor-mini-game platform success!
[Build] internalRegister pkg(scene) in vivo-mini-game platform success!
[Build] internalRegister pkg(scene) in xiaomi-quick-game platform success!
[Build] internalRegister pkg(scene) in baidu-mini-game platform success!
[Build] internalRegister pkg(scene) in wechatgame platform success!
[Build] internalRegister pkg(scene) in wechatprogram platform success!
[Build] internalRegister pkg(scene) in link-sure platform success!
[Build] internalRegister pkg(scene) in qtt platform success!
[Build] internalRegister pkg(scene) in fb-instant-games platform success!
[Build] internalRegister pkg(scene) in web-desktop platform success!
[Build] internalRegister pkg(scene) in web-mobile platform success!
[Build] internalRegister pkg(scene) in cocos-runtime platform success!
[Build] internalRegister pkg(scene) in platform-example platform success!
[Build] internalRegister pkg(scene) in online platform success!
[Build] internalRegister pkg(scene) in xr-meta platform success!
[Build] internalRegister pkg(scene) in xr-huaweivr platform success!
[Build] internalRegister pkg(scene) in xr-pico platform success!
[Build] internalRegister pkg(scene) in xr-rokid platform success!
[Build] internalRegister pkg(scene) in xr-monado platform success!
[Build] internalRegister pkg(scene) in xr-spaces platform success!
[Build] internalRegister pkg(scene) in xr-seed platform success!
[Build] internalRegister pkg(scene) in ar-android platform success!
[Build] internalRegister pkg(scene) in ar-ios platform success!
[Build] internalRegister pkg(scene) in xr-gsxr platform success!
[Build] internalRegister pkg(scene) in xr-yvr platform success!
[Build] internalRegister pkg(scene) in xr-htc platform success!
[Build] internalRegister pkg(scene) in xr-iqiyi platform success!
[Build] internalRegister pkg(scene) in xr-skyworth platform success!
[Build] internalRegister pkg(scene) in xr-ffalcon platform success!
[Build] internalRegister pkg(scene) in xr-nreal platform success!
[Build] internalRegister pkg(scene) in xr-inmo platform success!
[Build] internalRegister pkg(scene) in xr-lenovo platform success!
[Build] internalRegister pkg(scene) in android-hmi platform success!
[Build-plugin] register pkg scene: 10ms
Builder PluginManager init: 10ms
[Package] shortcuts@1.0.1 enable
[Package] animation-graph@1.0.0 enable
[Package] about@1.0.0 enable
[Package] assets@1.0.0 enable
[Package] console@1.0.0 enable
[Package] crash-reporter@1.0.0 enable
[Package] extension@3.1.4 enable
[Package] feedback@1.0.0 enable
[Package] hierarchy@1.0.0 enable
[Package] inspector@1.0.0 enable
[Package] light-probe@1.0.4 enable
[Package] lightmap@1.0.4 enable
[Package] node-library@1.0.1 enable
[Package] package-asset@1.0.3 enable
[Package] process@1.0.0 enable
[Package] reference-image@1.0.0 enable
[Package] reflection-probe@1.0.4 enable
[Package] engine-extends@1.0.0 enable
[Package] adsense-h5g-plugin@1.0.1 enable
[Build] internalRegister pkg(adsense-h5g-plugin) in android platform success!
[Build] internalRegister pkg(adsense-h5g-plugin) in google-play platform success!
[Build] internalRegister pkg(adsense-h5g-plugin) in ohos platform success!
[Build] internalRegister pkg(adsense-h5g-plugin) in harmonyos-next platform success!
[Build] internalRegister pkg(adsense-h5g-plugin) in huawei-agc platform success!
[Build] internalRegister pkg(adsense-h5g-plugin) in ios platform success!
[Build] internalRegister pkg(adsense-h5g-plugin) in windows platform success!
[Build] internalRegister pkg(adsense-h5g-plugin) in mac platform success!
[Build] internalRegister pkg(adsense-h5g-plugin) in linux platform success!
[Build] internalRegister pkg(adsense-h5g-plugin) in alipay-mini-game platform success!
[Build] internalRegister pkg(adsense-h5g-plugin) in taobao-creative-app platform success!
[Build] internalRegister pkg(adsense-h5g-plugin) in taobao-mini-game platform success!
[Build] internalRegister pkg(adsense-h5g-plugin) in bytedance-mini-game platform success!
[Build] internalRegister pkg(adsense-h5g-plugin) in oppo-mini-game platform success!
[Build] internalRegister pkg(adsense-h5g-plugin) in huawei-quick-game platform success!
[Build] internalRegister pkg(adsense-h5g-plugin) in migu-mini-game platform success!
[Build] internalRegister pkg(adsense-h5g-plugin) in honor-mini-game platform success!
[Build] internalRegister pkg(adsense-h5g-plugin) in vivo-mini-game platform success!
[Build] internalRegister pkg(adsense-h5g-plugin) in xiaomi-quick-game platform success!
[Build] internalRegister pkg(adsense-h5g-plugin) in baidu-mini-game platform success!
[Build] internalRegister pkg(adsense-h5g-plugin) in wechatgame platform success!
[Build] internalRegister pkg(adsense-h5g-plugin) in wechatprogram platform success!
[Build] internalRegister pkg(adsense-h5g-plugin) in link-sure platform success!
[Build] internalRegister pkg(adsense-h5g-plugin) in qtt platform success!
[Build] internalRegister pkg(adsense-h5g-plugin) in fb-instant-games platform success!
[Build] internalRegister pkg(adsense-h5g-plugin) in web-desktop platform success!
[Build] internalRegister pkg(adsense-h5g-plugin) in web-mobile platform success!
[Build] internalRegister pkg(adsense-h5g-plugin) in cocos-runtime platform success!
[Build] internalRegister pkg(adsense-h5g-plugin) in platform-example platform success!
[Build] internalRegister pkg(adsense-h5g-plugin) in online platform success!
[Build] internalRegister pkg(adsense-h5g-plugin) in xr-meta platform success!
[Build] internalRegister pkg(adsense-h5g-plugin) in xr-huaweivr platform success!
[Build] internalRegister pkg(adsense-h5g-plugin) in xr-pico platform success!
[Build] internalRegister pkg(adsense-h5g-plugin) in xr-rokid platform success!
[Build] internalRegister pkg(adsense-h5g-plugin) in xr-monado platform success!
[Build] internalRegister pkg(adsense-h5g-plugin) in xr-spaces platform success!
[Build] internalRegister pkg(adsense-h5g-plugin) in xr-seed platform success!
[Build] internalRegister pkg(adsense-h5g-plugin) in ar-android platform success!
[Build] internalRegister pkg(adsense-h5g-plugin) in ar-ios platform success!
[Build] internalRegister pkg(adsense-h5g-plugin) in xr-gsxr platform success!
[Build] internalRegister pkg(adsense-h5g-plugin) in xr-yvr platform success!
[Build] internalRegister pkg(adsense-h5g-plugin) in xr-htc platform success!
[Build] internalRegister pkg(adsense-h5g-plugin) in xr-iqiyi platform success!
[Build] internalRegister pkg(adsense-h5g-plugin) in xr-skyworth platform success!
[Build] internalRegister pkg(adsense-h5g-plugin) in xr-ffalcon platform success!
[Build] internalRegister pkg(adsense-h5g-plugin) in xr-nreal platform success!
[Build] internalRegister pkg(adsense-h5g-plugin) in xr-inmo platform success!
[Build] internalRegister pkg(adsense-h5g-plugin) in xr-lenovo platform success!
[Build] internalRegister pkg(adsense-h5g-plugin) in android-hmi platform success!
[Build] internalRegister pkg(adsense-h5g-plugin) in web-desktop platform success!
[Build] internalRegister pkg(adsense-h5g-plugin) in web-mobile platform success!
[Build-plugin] register pkg adsense-h5g-plugin: 2ms
[Package] alipay-mini-game@1.0.2 enable
[Build] internalRegister pkg(alipay-mini-game) in alipay-mini-game platform success!
[Build-plugin] register pkg alipay-mini-game: 2ms
[Package] android@1.0.1 enable
[Build] internalRegister pkg(android) in android platform success!
[Build] internalRegister pkg(android) in huawei-agc platform success!
[Build-plugin] register pkg android: 2ms
[Package] bytedance-mini-game@1.0.3 enable
[Build] internalRegister pkg(bytedance-mini-game) in bytedance-mini-game platform success!
[Build-plugin] register pkg bytedance-mini-game: 2ms
[Package] certificate@1.0.0 enable
[Package] channel-upload-tools@1.0.0 enable
[Package] fb-instant-games@1.0.0 enable
[Build] internalRegister pkg(fb-instant-games) in fb-instant-games platform success!
[Build-plugin] register pkg fb-instant-games: 1ms
[Package] google-play@1.0.1 enable
[Build] internalRegister pkg(google-play) in google-play platform success!
[Build-plugin] register pkg google-play: 1ms
[Package] harmonyos-next@1.0.0 enable
[Build] internalRegister pkg(harmonyos-next) in harmonyos-next platform success!
[Build-plugin] register pkg harmonyos-next: 1ms
[Package] honor-mini-game@1.0.0 enable
[Build] internalRegister pkg(honor-mini-game) in honor-mini-game platform success!
[Build-plugin] register pkg honor-mini-game: 1ms
[Package] huawei-agc@1.0.0 enable
[Build] internalRegister pkg(huawei-agc) in huawei-agc platform success!
[Build-plugin] register pkg huawei-agc: 1ms
[Package] huawei-quick-game@1.0.3 enable
[Build] internalRegister pkg(huawei-quick-game) in huawei-quick-game platform success!
[Build-plugin] register pkg huawei-quick-game: 1ms
[Package] ios@1.0.1 enable
[Build] internalRegister pkg(ios) in ios platform success!
[Build-plugin] register pkg ios: 1ms
[Package] linux@1.0.0 enable
linux platform does not exist, Can not register panelInfo
init builder manager success
[Package] mac@1.0.0 enable
[Build] internalRegister pkg(mac) in mac platform success!
[Build-plugin] register pkg mac: 1ms
[Package] migu-mini-game@1.0.0 enable
[Build] internalRegister pkg(migu-mini-game) in migu-mini-game platform success!
[Build-plugin] register pkg migu-mini-game: 1ms
[Package] native@1.0.2 enable
[Build] internalRegister pkg(native) in ios platform success!
[Build] internalRegister pkg(native) in android platform success!
[Build] internalRegister pkg(native) in huawei-agc platform success!
[Build] internalRegister pkg(native) in windows platform success!
[Build] internalRegister pkg(native) in mac platform success!
[Build] internalRegister pkg(native) in google-play platform success!
[Build] internalRegister pkg(native) in ohos platform success!
[Build] internalRegister pkg(native) in harmonyos-next platform success!
linux platform does not exist, registration to this platform is not supported
[Build] internalRegister pkg(native) in xr-huaweivr platform success!
[Build] internalRegister pkg(native) in xr-meta platform success!
[Build] internalRegister pkg(native) in xr-pico platform success!
[Build] internalRegister pkg(native) in xr-rokid platform success!
[Build] internalRegister pkg(native) in xr-monado platform success!
[Build] internalRegister pkg(native) in ar-android platform success!
[Build] internalRegister pkg(native) in ar-ios platform success!
[Build] internalRegister pkg(native) in xr-spaces platform success!
[Build] internalRegister pkg(native) in xr-seed platform success!
[Build] internalRegister pkg(native) in xr-gsxr platform success!
[Build] internalRegister pkg(native) in xr-yvr platform success!
[Build] internalRegister pkg(native) in xr-htc platform success!
[Build] internalRegister pkg(native) in xr-iqiyi platform success!
[Build] internalRegister pkg(native) in xr-skyworth platform success!
[Build] internalRegister pkg(native) in xr-ffalcon platform success!
[Build] internalRegister pkg(native) in xr-nreal platform success!
[Build] internalRegister pkg(native) in xr-inmo platform success!
[Build] internalRegister pkg(native) in xr-lenovo platform success!
[Build-plugin] register pkg native: 2ms
[Package] ohos@1.0.0 enable
[Build] internalRegister pkg(ohos) in ohos platform success!
[Build-plugin] register pkg ohos: 2ms
[Package] oppo-mini-game@1.0.3 enable
[Build] internalRegister pkg(oppo-mini-game) in oppo-mini-game platform success!
[Build-plugin] register pkg oppo-mini-game: 2ms
[Package] runtime-dev-tools@1.0.0 enable
[Package] taobao-mini-game@1.0.1 enable
[Build] internalRegister pkg(taobao-mini-game) in taobao-mini-game platform success!
[Build-plugin] register pkg taobao-mini-game: 1ms
[Package] vivo-mini-game@1.0.3 enable
[Build] internalRegister pkg(vivo-mini-game) in vivo-mini-game platform success!
[Build-plugin] register pkg vivo-mini-game: 2ms
[Package] web-desktop@1.0.1 enable
[Build] internalRegister pkg(web-desktop) in web-desktop platform success!
[Build-plugin] register pkg web-desktop: 1ms
[Package] web-mobile@1.0.1 enable
[Build] internalRegister pkg(web-mobile) in web-mobile platform success!
[Build-plugin] register pkg web-mobile: 1ms
[Package] wechatgame@1.0.4 enable
[Build] internalRegister pkg(wechatgame) in wechatgame platform success!
[Build-plugin] register pkg wechatgame: 1ms
[Package] wechatprogram@1.0.2 enable
wechatprogram platform does not exist, Can not register panelInfo
[Package] windows@1.0.1 enable
[Build-plugin] register pkg windows: 2ms
[Package] xiaomi-quick-game@1.0.2 enable
[Build] internalRegister pkg(xiaomi-quick-game) in xiaomi-quick-game platform success!
[Build-plugin] register pkg xiaomi-quick-game: 1ms
[Package] cocos-service@3.0.9 enable
[Build] internalRegister pkg(cocos-service) in android platform success!
[Build] internalRegister pkg(cocos-service) in google-play platform success!
[Build] internalRegister pkg(cocos-service) in ohos platform success!
[Build] internalRegister pkg(cocos-service) in harmonyos-next platform success!
[Build] internalRegister pkg(cocos-service) in huawei-agc platform success!
[Build] internalRegister pkg(cocos-service) in ios platform success!
[Build] internalRegister pkg(cocos-service) in windows platform success!
[Build] internalRegister pkg(cocos-service) in mac platform success!
[Build] internalRegister pkg(cocos-service) in linux platform success!
[Build] internalRegister pkg(cocos-service) in alipay-mini-game platform success!
[Build] internalRegister pkg(cocos-service) in taobao-creative-app platform success!
[Build] internalRegister pkg(cocos-service) in taobao-mini-game platform success!
[Build] internalRegister pkg(cocos-service) in bytedance-mini-game platform success!
[Build] internalRegister pkg(cocos-service) in oppo-mini-game platform success!
[Build] internalRegister pkg(cocos-service) in huawei-quick-game platform success!
[Build] internalRegister pkg(cocos-service) in migu-mini-game platform success!
[Build] internalRegister pkg(cocos-service) in honor-mini-game platform success!
[Build] internalRegister pkg(cocos-service) in vivo-mini-game platform success!
[Build] internalRegister pkg(cocos-service) in xiaomi-quick-game platform success!
[Build] internalRegister pkg(cocos-service) in baidu-mini-game platform success!
[Build] internalRegister pkg(cocos-service) in wechatgame platform success!
[Build] internalRegister pkg(cocos-service) in wechatprogram platform success!
[Build] internalRegister pkg(cocos-service) in link-sure platform success!
[Build] internalRegister pkg(cocos-service) in qtt platform success!
[Build] internalRegister pkg(cocos-service) in fb-instant-games platform success!
[Build] internalRegister pkg(cocos-service) in web-desktop platform success!
[Build] internalRegister pkg(cocos-service) in web-mobile platform success!
[Build] internalRegister pkg(cocos-service) in cocos-runtime platform success!
[Build] internalRegister pkg(cocos-service) in platform-example platform success!
[Build] internalRegister pkg(cocos-service) in online platform success!
[Build] internalRegister pkg(cocos-service) in xr-meta platform success!
[Build] internalRegister pkg(cocos-service) in xr-huaweivr platform success!
[Build] internalRegister pkg(cocos-service) in xr-pico platform success!
[Build] internalRegister pkg(cocos-service) in xr-rokid platform success!
[Build] internalRegister pkg(cocos-service) in xr-monado platform success!
[Build] internalRegister pkg(cocos-service) in xr-spaces platform success!
[Build] internalRegister pkg(cocos-service) in xr-seed platform success!
[Build] internalRegister pkg(cocos-service) in ar-android platform success!
[Build] internalRegister pkg(cocos-service) in ar-ios platform success!
[Build] internalRegister pkg(cocos-service) in xr-gsxr platform success!
[Build] internalRegister pkg(cocos-service) in xr-yvr platform success!
[Build] internalRegister pkg(cocos-service) in xr-htc platform success!
[Build] internalRegister pkg(cocos-service) in xr-iqiyi platform success!
[Build] internalRegister pkg(cocos-service) in xr-skyworth platform success!
[Build] internalRegister pkg(cocos-service) in xr-ffalcon platform success!
[Build] internalRegister pkg(cocos-service) in xr-nreal platform success!
[Build] internalRegister pkg(cocos-service) in xr-inmo platform success!
[Build] internalRegister pkg(cocos-service) in xr-lenovo platform success!
[Build] internalRegister pkg(cocos-service) in android-hmi platform success!
[Build-plugin] register pkg cocos-service: 1ms
[Package] im-plugin@3.0.14 enable
[Package] placeholder@1.0.0 enable
Start enter command build with options {"configPath":"/Users/yvainair/Code/游戏-左右滑古代史/.cache/build-wechatgame-local.json"}
Read config from path /Users/yvainair/Code/游戏-左右滑古代史/.cache/build-wechatgame-local.json...
web-mobile 插件构建配置无版本号，将跳过数据迁移
wechatgame 插件构建配置无版本号，将跳过数据迁移
[[Facet.reload]], before lock, count: 1
[[Facet.reload]], after lock, count: 1
[[Facet.reload]], before unlock, count: 1
[[Facet.reload]], after unlock, count: 1
trackTimeEnd failed! Can not find the track time asset-db:worker-startup-database[internal] start
trackTimeEnd failed! Can not find the track time asset-db:worker-startup-database[assets] start
auto refresh because script compiled or scene changed
asset-db is ready!
Check and complete build options {
  name: '一路长歌',
  platform: 'wechatgame',
  buildPath: 'project://build',
  outputName: 'wechatgame',
  debug: false,
  startScene: '752d3aa0-8b82-4e8e-a6d4-c6587c90bcf2',
  scenes: [
    {
      url: 'db://assets/scenes/Journey.scene',
      uuid: '752d3aa0-8b82-4e8e-a6d4-c6587c90bcf2'
    }
  ],
  packages: {
    'web-mobile': { orientation: 'portrait' },
    wechatgame: { appid: '[local-game-appid]', orientation: 'portrait' }
  },
  sourceMaps: false,
  taskName: 'wechatgame',
  buildMode: 'normal'
}
Check build parameter mainBundleCompressionType (merge_dep) failed,  compression type(undefined) is invalid for this platform!, and the default value "merge_dep" will be used instead. mainBundleCompressionType (merge_dep) validation failed,  compression type(undefined) is invalid for this platform!, and the default value "merge_dep" will be used instead.
start preview settings manager
2026-9-27 12:55:34 - debug: =================================== build Task (wechatgame) Start ================================

2026-9-27 12:55:34 - debug: Start build task, options:{"name":"一路长歌","platform":"wechatgame","buildPath":"project://build","outputName":"wechatgame","debug":false,"startScene":"752d3aa0-8b82-4e8e-a6d4-c6587c90bcf2","scenes":[{"url":"db://assets/scenes/Journey.scene","uuid":"752d3aa0-8b82-4e8e-a6d4-c6587c90bcf2"}],"packages":{"web-mobile":{"orientation":"portrait"},"wechatgame":{"appid":"[local-game-appid]","orientation":"portrait","buildOpenDataContextTemplate":"","separateEngine":false,"highPerformanceMode":false}},"sourceMaps":false,"taskName":"wechatgame","buildMode":"normal","mainBundleCompressionType":"merge_dep","server":"","engineModulesConfigKey":"defaultConfig","mangleProperties":false,"md5Cache":false,"skipCompressTexture":false,"overwriteProjectSettings":{"macroConfig":{"cleanupImageCache":"on"},"includeModules":{"physics":"inherit-project-setting","physics-2d":"inherit-project-setting","gfx-webgl2":"off"}},"nativeCodeBundleMode":"wasm","polyfills":{"asyncFunctions":false},"experimentalEraseModules":false,"startSceneAssetBundle":false,"bundleConfigs":[],"inlineEnum":true,"useBuiltinServer":false,"md5CacheOptions":{"excludes":[],"includes":[],"replaceOnly":[],"handleTemplateMd5Link":true},"mainBundleIsRemote":false,"useSplashScreen":true,"bundleCommonChunk":false,"packAutoAtlas":true,"wasmCompressionMode":false,"binGroupConfig":{"threshold":16,"enable":false},"logDest":"project://temp/builder/log/wechatgame9-27-2026 12-55.log"}

2026-9-27 12:55:34 - debug: Build with Cocos Creator 3.8.8

[[Facet.reload]], before lock, count: 2
[[Facet.reload]], after lock, count: 2
[[Facet.reload]], before unlock, count: 2
[[Facet.reload]], after unlock, count: 2
2026-9-27 12:55:34 - debug: wechatgame:(onBeforeBuild) start..., progress: 0%

2026-9-27 12:55:34 - debug: // ---- build task wechatgame：onBeforeBuild ----

2026-9-27 12:55:34 - debug: // ---- build task wechatgame：onBeforeBuild ---- (1ms)

2026-9-27 12:55:34 - debug: wechatgame:(onBeforeBuild) in 1 ms ✓, progress: 2%

2026-9-27 12:55:34 - debug: cocos-service:(onBeforeBuild) start..., progress: 2%

2026-9-27 12:55:34 - debug: // ---- build task cocos-service：onBeforeBuild ----

2026-9-27 12:55:34 - debug: // ---- build task cocos-service：onBeforeBuild ---- (1ms)

2026-9-27 12:55:34 - debug: cocos-service:(onBeforeBuild) in 1 ms ✓, progress: 4%

2026-9-27 12:55:34 - debug: scene:(onBeforeBuild) start..., progress: 4%

2026-9-27 12:55:34 - debug: // ---- build task scene：onBeforeBuild ----

2026-9-27 12:55:34 - debug: // ---- build task scene：onBeforeBuild ---- (1ms)

2026-9-27 12:55:34 - debug: scene:(onBeforeBuild) in 1 ms ✓, progress: 5%

2026-9-27 12:55:34 - debug: Start lock asset db..., progress: 5%

2026-9-27 12:55:34 - log: Asset DB is paused with build!

2026-9-27 12:55:34 - debug: Query all assets info in project

2026-9-27 12:55:34 - debug: init custom config: keepNodeUuid: false, useCache: true

2026-9-27 12:55:34 - debug: wechatgame:(onAfterInit) start..., progress: 5%

2026-9-27 12:55:34 - debug: // ---- build task wechatgame：onAfterInit ----

2026-9-27 12:55:34 - debug: // ---- build task wechatgame：onAfterInit ---- (1ms)

2026-9-27 12:55:34 - debug: wechatgame:(onAfterInit) in 1 ms ✓, progress: 7%

2026-9-27 12:55:34 - debug: cocos-service:(onAfterInit) start..., progress: 7%

2026-9-27 12:55:34 - debug: // ---- build task cocos-service：onAfterInit ----

2026-9-27 12:55:34 - debug: // ---- build task cocos-service：onAfterInit ---- (1ms)

2026-9-27 12:55:34 - debug: cocos-service:(onAfterInit) in 1 ms ✓, progress: 9%

2026-9-27 12:55:34 - debug: Skip compress image, progress: 0%

2026-9-27 12:55:34 - debug: wechatgame:(onBeforeBundleInit) start..., progress: 9%

2026-9-27 12:55:34 - debug: wechatgame:(onBeforeBundleInit) start..., progress: 0%

2026-9-27 12:55:34 - debug: // ---- build task wechatgame：onBeforeBundleInit ----

2026-9-27 12:55:34 - debug: // ---- build task wechatgame：onBeforeBundleInit ---- (2ms)

2026-9-27 12:55:34 - debug: wechatgame:(onBeforeBundleInit) in 2 ms ✓, progress: 9%

2026-9-27 12:55:34 - debug: wechatgame:(onBeforeBundleInit) in 2 ms ✓, progress: 7%

2026-9-27 12:55:34 - debug: adsense-h5g-plugin:(onBeforeBundleInit) start..., progress: 9%

2026-9-27 12:55:34 - debug: adsense-h5g-plugin:(onBeforeBundleInit) start..., progress: 7%

2026-9-27 12:55:34 - debug: // ---- build task adsense-h5g-plugin：onBeforeBundleInit ----

2026-9-27 12:55:34 - debug: [adsense-h5g-plugin] remove script success

2026-9-27 12:55:34 - debug: // ---- build task adsense-h5g-plugin：onBeforeBundleInit ---- (1ms)

2026-9-27 12:55:34 - debug: adsense-h5g-plugin:(onBeforeBundleInit) in 1 ms ✓, progress: 9%

2026-9-27 12:55:34 - debug: adsense-h5g-plugin:(onBeforeBundleInit) in 1 ms ✓, progress: 13%

2026-9-27 12:55:34 - debug: Init all bundles start..., progress: 9%

2026-9-27 12:55:34 - debug: Init all bundles start..., progress: 13%

2026-9-27 12:55:34 - debug: Num of bundles: 3..., progress: 9%

2026-9-27 12:55:34 - debug: Num of bundles: 3..., progress: 13%

2026-9-27 12:55:34 - debug: Query asset bundle start, progress: 9%

2026-9-27 12:55:34 - debug: // ---- build task Query asset bundle ----

2026-9-27 12:55:34 - debug: Init bundle root assets start..., progress: 9%

2026-9-27 12:55:34 - debug: Init bundle root assets start..., progress: 13%

2026-9-27 12:55:34 - debug: Query preload assets/scripts from cc.config.json: 60f7195c-ec2a-45eb-ba94-8955f60e81d0,1c02ae6f-4492-4915-b8f8-7492a3b1e4cd,810e96e4-e456-4468-9b59-f4e8f39732c0,efe8e2a3-eace-427b-b4f1-cb8a937ec77d,e9aa9a3e-5b2b-4ac7-a2c7-073de2b2b24f,8bbdbcdd-5cd4-4100-b6d5-b7c9625b6107,50f4348b-c883-4e2f-8f11-ce233b859fa1,fda095cb-831d-4601-ad94-846013963de8,f92806d7-1768-443f-afe8-12bcde84d0f0,dd3a144d-ab7f-41f0-82b8-2e43a090d496,f0416e68-0200-4b77-a926-4f9d16e494da,970b0598-bcb0-4714-91fb-2e81440dccd8,bcd64cc6-2dd9-43f6-abbe-66318d332032,d930590d-bb92-4cc8-8bd1-23cd027f9edf,a3cd009f-0ab0-420d-9278-b9fdab939bbc,6a2d0734-bd9e-4ddf-946e-caa52498cb75,871c3b6c-7379-419d-bda3-794b239ab90d,ff9b0199-ce04-4cfe-86cc-6c719f08d6e4,de1c2107-70c8-4021-8459-6399f24d01c6,cbf30902-517f-40dc-af90-a550bac27cf1,5c601d96-e4c7-4698-991b-7ee674b11079

2026-9-27 12:55:34 - debug:   Number of all scenes: 1

2026-9-27 12:55:34 - debug:   Number of all scripts: 57

2026-9-27 12:55:34 - debug:   Number of other assets: 502

2026-9-27 12:55:34 - debug: Init bundle root assets success..., progress: 9%

2026-9-27 12:55:34 - debug: Init bundle root assets success..., progress: 13%

2026-9-27 12:55:34 - debug: reload all scripts.

2026-9-27 12:55:34 - log: creating executor ...

2026-9-27 12:55:34 - debug: [[Executor]] reload before lock

2026-9-27 12:55:34 - debug: Set detail map pack:///resolution-detail-map.json: {}

2026-9-27 12:55:34 - groupCollapsed: Invalidate all modules

2026-9-27 12:55:34 - debug: /Users/yvainair/Code/游戏-左右滑古代史/temp/programming/packer-driver/targets/editor/chunks/93/93ba276ea7b26ffcdc433fab14afc1ed6f05647b.js resolved to /Users/yvainair/Code/游戏-左右滑古代史/temp/programming/packer-driver/targets/editor/chunks/93/93ba276ea7b26ffcdc433fab14afc1ed6f05647b.js is not in module cache!

2026-9-27 12:55:34 - debug: [[Executor]] Module "cce:/internal/x/cc-fu/base" loaded.

2026-9-27 12:55:34 - debug: [[Executor]] Module "cce:/internal/x/cc-fu/gfx-webgl" loaded.

2026-9-27 12:55:34 - debug: [[Executor]] Module "cce:/internal/x/cc-fu/gfx-webgl2" loaded.

2026-9-27 12:55:34 - debug: [[Executor]] Module "cce:/internal/x/cc-fu/gfx-empty" loaded.

2026-9-27 12:55:34 - debug: [[Executor]] Module "cce:/internal/x/cc-fu/gfx-webgpu" loaded.

2026-9-27 12:55:34 - debug: [[Executor]] Module "cce:/internal/x/cc-fu/3d" loaded.

2026-9-27 12:55:34 - debug: [[Executor]] Module "cce:/internal/x/cc-fu/animation" loaded.

2026-9-27 12:55:34 - debug: [[Executor]] Module "cce:/internal/x/cc-fu/skeletal-animation" loaded.

2026-9-27 12:55:34 - debug: [[Executor]] Module "cce:/internal/x/cc-fu/2d" loaded.

2026-9-27 12:55:34 - debug: [[Executor]] Module "cce:/internal/x/cc-fu/sorting" loaded.

2026-9-27 12:55:34 - debug: [[Executor]] Module "cce:/internal/x/cc-fu/rich-text" loaded.

2026-9-27 12:55:34 - debug: [[Executor]] Module "cce:/internal/x/cc-fu/mask" loaded.

2026-9-27 12:55:34 - debug: [[Executor]] Module "cce:/internal/x/cc-fu/graphics" loaded.

2026-9-27 12:55:34 - debug: [[Executor]] Module "cce:/internal/x/cc-fu/ui-skew" loaded.

2026-9-27 12:55:34 - debug: [[Executor]] Module "cce:/internal/x/cc-fu/ui" loaded.

2026-9-27 12:55:34 - debug: [[Executor]] Module "cce:/internal/x/cc-fu/affine-transform" loaded.

2026-9-27 12:55:34 - debug: [[Executor]] Module "cce:/internal/x/cc-fu/sorting-2d" loaded.

2026-9-27 12:55:34 - debug: [[Executor]] Module "cce:/internal/x/cc-fu/particle" loaded.

2026-9-27 12:55:34 - debug: [[Executor]] Module "cce:/internal/x/cc-fu/particle-2d" loaded.

2026-9-27 12:55:34 - debug: [[Executor]] Module "cce:/internal/x/cc-fu/physics-framework" loaded.

2026-9-27 12:55:34 - debug: [[Executor]] Module "cce:/internal/x/cc-fu/physics-cannon" loaded.

2026-9-27 12:55:34 - debug: [[Executor]] Module "cce:/internal/x/cc-fu/physics-physx" loaded.

2026-9-27 12:55:34 - debug: [[Executor]] Module "cce:/internal/x/cc-fu/physics-ammo" loaded.

2026-9-27 12:55:34 - debug: [[Executor]] Module "cce:/internal/x/cc-fu/physics-builtin" loaded.

2026-9-27 12:55:34 - debug: [[Executor]] Module "cce:/internal/x/cc-fu/physics-2d-framework" loaded.

2026-9-27 12:55:34 - debug: [[Executor]] Module "cce:/internal/x/cc-fu/physics-2d-box2d-jsb" loaded.

2026-9-27 12:55:34 - debug: [[Executor]] Module "cce:/internal/x/cc-fu/physics-2d-box2d" loaded.

2026-9-27 12:55:34 - debug: [[Executor]] Module "cce:/internal/x/cc-fu/physics-2d-builtin" loaded.

2026-9-27 12:55:34 - debug: [[Executor]] Module "cce:/internal/x/cc-fu/physics-2d-box2d-wasm" loaded.

2026-9-27 12:55:34 - debug: [[Executor]] Module "cce:/internal/x/cc-fu/intersection-2d" loaded.

2026-9-27 12:55:34 - debug: [[Executor]] Module "cce:/internal/x/cc-fu/primitive" loaded.

2026-9-27 12:55:34 - debug: [[Executor]] Module "cce:/internal/x/cc-fu/profiler" loaded.

2026-9-27 12:55:34 - debug: [[Executor]] Module "cce:/internal/x/cc-fu/geometry-renderer" loaded.

2026-9-27 12:55:34 - debug: [[Executor]] Module "cce:/internal/x/cc-fu/audio" loaded.

2026-9-27 12:55:34 - debug: [[Executor]] Module "cce:/internal/x/cc-fu/video" loaded.

2026-9-27 12:55:34 - debug: [[Executor]] Module "cce:/internal/x/cc-fu/xr" loaded.

2026-9-27 12:55:34 - debug: [[Executor]] Module "cce:/internal/x/cc-fu/light-probe" loaded.

2026-9-27 12:55:34 - debug: [[Executor]] Module "cce:/internal/x/cc-fu/terrain" loaded.

2026-9-27 12:55:34 - debug: [[Executor]] Module "cce:/internal/x/cc-fu/webview" loaded.

2026-9-27 12:55:34 - debug: [[Executor]] Module "cce:/internal/x/cc-fu/tween" loaded.

2026-9-27 12:55:34 - debug: [[Executor]] Module "cce:/internal/x/cc-fu/tiled-map" loaded.

2026-9-27 12:55:34 - debug: [[Executor]] Module "cce:/internal/x/cc-fu/vendor-google" loaded.

2026-9-27 12:55:34 - debug: [[Executor]] Module "cce:/internal/x/cc-fu/spine" loaded.

2026-9-27 12:55:34 - debug: [[Executor]] Module "cce:/internal/x/cc-fu/dragon-bones" loaded.

2026-9-27 12:55:34 - debug: [[Executor]] Module "cce:/internal/x/cc-fu/custom-pipeline" loaded.

2026-9-27 12:55:34 - debug: [[Executor]] Module "cce:/internal/x/cc-fu/custom-pipeline-post-process" loaded.

2026-9-27 12:55:34 - debug: [[Executor]] Module "cce:/internal/x/cc-fu/legacy-pipeline" loaded.

2026-9-27 12:55:34 - debug: [[Executor]] Module "cce:/internal/x/cc-fu/base" loaded.

2026-9-27 12:55:34 - debug: [[Executor]] Module "cce:/internal/x/cc-fu/gfx-webgl" loaded.

2026-9-27 12:55:34 - debug: [[Executor]] Module "cce:/internal/x/cc-fu/gfx-webgl2" loaded.

2026-9-27 12:55:34 - debug: [[Executor]] Module "cce:/internal/x/cc-fu/gfx-empty" loaded.

2026-9-27 12:55:34 - debug: [[Executor]] Module "cce:/internal/x/cc-fu/gfx-webgpu" loaded.

2026-9-27 12:55:34 - debug: [[Executor]] Module "cce:/internal/x/cc-fu/3d" loaded.

2026-9-27 12:55:34 - debug: [[Executor]] Module "cce:/internal/x/cc-fu/animation" loaded.

2026-9-27 12:55:34 - debug: [[Executor]] Module "cce:/internal/x/cc-fu/skeletal-animation" loaded.

2026-9-27 12:55:34 - debug: [[Executor]] Module "cce:/internal/x/cc-fu/2d" loaded.

2026-9-27 12:55:34 - debug: [[Executor]] Module "cce:/internal/x/cc-fu/sorting" loaded.

2026-9-27 12:55:34 - debug: [[Executor]] Module "cce:/internal/x/cc-fu/rich-text" loaded.

2026-9-27 12:55:34 - debug: [[Executor]] Module "cce:/internal/x/cc-fu/mask" loaded.

2026-9-27 12:55:34 - debug: [[Executor]] Module "cce:/internal/x/cc-fu/graphics" loaded.

2026-9-27 12:55:34 - debug: [[Executor]] Module "cce:/internal/x/cc-fu/ui-skew" loaded.

2026-9-27 12:55:34 - debug: [[Executor]] Module "cce:/internal/x/cc-fu/ui" loaded.

2026-9-27 12:55:34 - debug: [[Executor]] Module "cce:/internal/x/cc-fu/affine-transform" loaded.

2026-9-27 12:55:34 - debug: [[Executor]] Module "cce:/internal/x/cc-fu/sorting-2d" loaded.

2026-9-27 12:55:34 - debug: [[Executor]] Module "cce:/internal/x/cc-fu/particle" loaded.

2026-9-27 12:55:34 - debug: [[Executor]] Module "cce:/internal/x/cc-fu/particle-2d" loaded.

2026-9-27 12:55:34 - debug: [[Executor]] Module "cce:/internal/x/cc-fu/physics-framework" loaded.

2026-9-27 12:55:34 - debug: [[Executor]] Module "cce:/internal/x/cc-fu/physics-cannon" loaded.

2026-9-27 12:55:34 - debug: [[Executor]] Module "cce:/internal/x/cc-fu/physics-physx" loaded.

2026-9-27 12:55:34 - debug: [[Executor]] Module "cce:/internal/x/cc-fu/physics-ammo" loaded.

2026-9-27 12:55:34 - debug: [[Executor]] Module "cce:/internal/x/cc-fu/physics-builtin" loaded.

2026-9-27 12:55:34 - debug: [[Executor]] Module "cce:/internal/x/cc-fu/physics-2d-framework" loaded.

2026-9-27 12:55:34 - debug: [[Executor]] Module "cce:/internal/x/cc-fu/physics-2d-box2d" loaded.

2026-9-27 12:55:34 - debug: [[Executor]] Module "cce:/internal/x/cc-fu/physics-2d-builtin" loaded.

2026-9-27 12:55:34 - debug: [[Executor]] Module "cce:/internal/x/cc-fu/physics-2d-box2d-wasm" loaded.

2026-9-27 12:55:34 - debug: [[Executor]] Module "cce:/internal/x/cc-fu/intersection-2d" loaded.

2026-9-27 12:55:34 - debug: [[Executor]] Module "cce:/internal/x/cc-fu/primitive" loaded.

2026-9-27 12:55:34 - debug: [[Executor]] Module "cce:/internal/x/cc-fu/profiler" loaded.

2026-9-27 12:55:34 - debug: [[Executor]] Module "cce:/internal/x/cc-fu/geometry-renderer" loaded.

2026-9-27 12:55:34 - debug: [[Executor]] Module "cce:/internal/x/cc-fu/audio" loaded.

2026-9-27 12:55:34 - debug: [[Executor]] Module "cce:/internal/x/cc-fu/video" loaded.

2026-9-27 12:55:34 - debug: [[Executor]] Module "cce:/internal/x/cc-fu/xr" loaded.

2026-9-27 12:55:34 - debug: [[Executor]] Module "cce:/internal/x/cc-fu/light-probe" loaded.

2026-9-27 12:55:34 - debug: [[Executor]] Module "cce:/internal/x/cc-fu/terrain" loaded.

2026-9-27 12:55:34 - debug: [[Executor]] Module "cce:/internal/x/cc-fu/webview" loaded.

2026-9-27 12:55:34 - debug: [[Executor]] Module "cce:/internal/x/cc-fu/tween" loaded.

2026-9-27 12:55:34 - debug: [[Executor]] Module "cce:/internal/x/cc-fu/tiled-map" loaded.

2026-9-27 12:55:34 - debug: [[Executor]] Module "cce:/internal/x/cc-fu/spine" loaded.

2026-9-27 12:55:34 - debug: [[Executor]] Module "cce:/internal/x/cc-fu/dragon-bones" loaded.

2026-9-27 12:55:34 - debug: [[Executor]] Module "cce:/internal/x/cc-fu/custom-pipeline" loaded.

2026-9-27 12:55:34 - debug: [[Executor]] Module "cce:/internal/x/cc-fu/custom-pipeline-post-process" loaded.

2026-9-27 12:55:34 - debug: [[Executor]] Module "cce:/internal/x/cc-fu/legacy-pipeline" loaded.

2026-9-27 12:55:34 - debug: [[Executor]] Module "cce:/internal/x/cc-fu/vendor-google" loaded.

2026-9-27 12:55:34 - debug: [[Executor]] Module "cce:/internal/x/cc-fu/physics-2d-box2d-jsb" loaded.

2026-9-27 12:55:34 - debug: [[Executor]] Module "pack:///chunks/93/93ba276ea7b26ffcdc433fab14afc1ed6f05647b.js" loaded.

2026-9-27 12:55:34 - debug: Invalidating 'pack:///chunks/93/93ba276ea7b26ffcdc433fab14afc1ed6f05647b.js'

2026-9-27 12:55:34 - groupEnd: Invalidate all modules

2026-9-27 12:55:34 - groupCollapsed: Imports all modules

2026-9-27 12:55:34 - debug: [[Executor]] Module "pack:///chunks/93/93ba276ea7b26ffcdc433fab14afc1ed6f05647b.js" loaded.

2026-9-27 12:55:34 - debug: /Users/yvainair/Code/游戏-左右滑古代史/temp/programming/packer-driver/targets/editor/chunks/6d/6d8fd2b0177941b032ddc0733af48a561fb60657.js resolved to /Users/yvainair/Code/游戏-左右滑古代史/temp/programming/packer-driver/targets/editor/chunks/6d/6d8fd2b0177941b032ddc0733af48a561fb60657.js is not in module cache!

2026-9-27 12:55:34 - debug: [[Executor]] Module "pack:///chunks/6d/6d8fd2b0177941b032ddc0733af48a561fb60657.js" loaded.

2026-9-27 12:55:34 - debug: /Users/yvainair/Code/游戏-左右滑古代史/temp/programming/packer-driver/targets/editor/chunks/05/050b744f4e2cb72c1d019709fba6e18037505af8.js resolved to /Users/yvainair/Code/游戏-左右滑古代史/temp/programming/packer-driver/targets/editor/chunks/05/050b744f4e2cb72c1d019709fba6e18037505af8.js is not in module cache!

2026-9-27 12:55:34 - debug: /Users/yvainair/Code/游戏-左右滑古代史/temp/programming/packer-driver/targets/editor/chunks/6a/6a5019a719a9014c047e67aa1cf34453ab8392ce.js resolved to /Users/yvainair/Code/游戏-左右滑古代史/temp/programming/packer-driver/targets/editor/chunks/6a/6a5019a719a9014c047e67aa1cf34453ab8392ce.js is not in module cache!

2026-9-27 12:55:34 - debug: /Users/yvainair/Code/游戏-左右滑古代史/temp/programming/packer-driver/targets/editor/chunks/1d/1dff13adcb7d79b0c04714c2d15c446fe6503174.js resolved to /Users/yvainair/Code/游戏-左右滑古代史/temp/programming/packer-driver/targets/editor/chunks/1d/1dff13adcb7d79b0c04714c2d15c446fe6503174.js is not in module cache!

2026-9-27 12:55:34 - debug: /Users/yvainair/Code/游戏-左右滑古代史/temp/programming/packer-driver/targets/editor/chunks/74/74d2f2da288e801de13df96c7a8848e44389679e.js resolved to /Users/yvainair/Code/游戏-左右滑古代史/temp/programming/packer-driver/targets/editor/chunks/74/74d2f2da288e801de13df96c7a8848e44389679e.js is not in module cache!

2026-9-27 12:55:34 - debug: /Users/yvainair/Code/游戏-左右滑古代史/temp/programming/packer-driver/targets/editor/chunks/3a/3ae8213b48a9121e37dea9486d888223a73909b9.js resolved to /Users/yvainair/Code/游戏-左右滑古代史/temp/programming/packer-driver/targets/editor/chunks/3a/3ae8213b48a9121e37dea9486d888223a73909b9.js is not in module cache!

2026-9-27 12:55:34 - debug: /Users/yvainair/Code/游戏-左右滑古代史/temp/programming/packer-driver/targets/editor/chunks/a1/a1c92d1fad44f1a40e9f38df17b957f088c0208f.js resolved to /Users/yvainair/Code/游戏-左右滑古代史/temp/programming/packer-driver/targets/editor/chunks/a1/a1c92d1fad44f1a40e9f38df17b957f088c0208f.js is not in module cache!

2026-9-27 12:55:34 - debug: [[Executor]] Module "pack:///chunks/6a/6a5019a719a9014c047e67aa1cf34453ab8392ce.js" loaded.

2026-9-27 12:55:34 - debug: [[Executor]] Module "cce:/internal/x/engine-export-to-editor/cc/editor/populate-internal-constants" loaded.

2026-9-27 12:55:34 - debug: [[Executor]] Module "pack:///chunks/a1/a1c92d1fad44f1a40e9f38df17b957f088c0208f.js" loaded.

2026-9-27 12:55:34 - debug: [[Executor]] Module "cce:/internal/x/engine-export-to-editor/cc/editor/populate-internal-constants" loaded.

2026-9-27 12:55:34 - debug: [[Executor]] Register BuiltinPipelineSettings

2026-9-27 12:55:34 - debug: [[Executor]] Module "pack:///chunks/74/74d2f2da288e801de13df96c7a8848e44389679e.js" loaded.

2026-9-27 12:55:34 - debug: [[Executor]] Module "pack:///chunks/3a/3ae8213b48a9121e37dea9486d888223a73909b9.js" loaded.

2026-9-27 12:55:34 - debug: [[Executor]] Register BuiltinPipelinePassBuilder

2026-9-27 12:55:34 - debug: [[Executor]] Module "pack:///chunks/1d/1dff13adcb7d79b0c04714c2d15c446fe6503174.js" loaded.

2026-9-27 12:55:34 - debug: [[Executor]] Register BuiltinDepthOfFieldPass

2026-9-27 12:55:34 - debug: [[Executor]] Module "pack:///chunks/05/050b744f4e2cb72c1d019709fba6e18037505af8.js" loaded.

2026-9-27 12:55:34 - debug: /Users/yvainair/Code/游戏-左右滑古代史/temp/programming/packer-driver/targets/editor/chunks/d9/d9fed3d08d52ebadcb08511381529681bd407560.js resolved to /Users/yvainair/Code/游戏-左右滑古代史/temp/programming/packer-driver/targets/editor/chunks/d9/d9fed3d08d52ebadcb08511381529681bd407560.js is not in module cache!

2026-9-27 12:55:34 - debug: [[Executor]] Register DebugViewRuntimeControl

2026-9-27 12:55:34 - debug: [[Executor]] Module "pack:///chunks/d9/d9fed3d08d52ebadcb08511381529681bd407560.js" loaded.

2026-9-27 12:55:34 - debug: /Users/yvainair/Code/游戏-左右滑古代史/temp/programming/packer-driver/targets/editor/chunks/68/68b7da799a1dc4aac3082a212d61e411fe4f1c40.js resolved to /Users/yvainair/Code/游戏-左右滑古代史/temp/programming/packer-driver/targets/editor/chunks/68/68b7da799a1dc4aac3082a212d61e411fe4f1c40.js is not in module cache!

2026-9-27 12:55:34 - debug: [[Executor]] Module "pack:///chunks/68/68b7da799a1dc4aac3082a212d61e411fe4f1c40.js" loaded.

2026-9-27 12:55:34 - debug: /Users/yvainair/Code/游戏-左右滑古代史/temp/programming/packer-driver/targets/editor/chunks/cf/cf613787a46731ee71af3440cdea51b34efeace5.js resolved to /Users/yvainair/Code/游戏-左右滑古代史/temp/programming/packer-driver/targets/editor/chunks/cf/cf613787a46731ee71af3440cdea51b34efeace5.js is not in module cache!

2026-9-27 12:55:34 - debug: [[Executor]] Module "pack:///chunks/cf/cf613787a46731ee71af3440cdea51b34efeace5.js" loaded.

2026-9-27 12:55:34 - debug: /Users/yvainair/Code/游戏-左右滑古代史/temp/programming/packer-driver/targets/editor/chunks/c0/c03929b3fdc10fca19267a1bc459e6b8ece617c9.js resolved to /Users/yvainair/Code/游戏-左右滑古代史/temp/programming/packer-driver/targets/editor/chunks/c0/c03929b3fdc10fca19267a1bc459e6b8ece617c9.js is not in module cache!

2026-9-27 12:55:34 - debug: [[Executor]] Module "pack:///chunks/c0/c03929b3fdc10fca19267a1bc459e6b8ece617c9.js" loaded.

2026-9-27 12:55:34 - debug: /Users/yvainair/Code/游戏-左右滑古代史/temp/programming/packer-driver/targets/editor/chunks/c0/c0b76557bc72b9488af90a6fe8f09f149342ad02.js resolved to /Users/yvainair/Code/游戏-左右滑古代史/temp/programming/packer-driver/targets/editor/chunks/c0/c0b76557bc72b9488af90a6fe8f09f149342ad02.js is not in module cache!

2026-9-27 12:55:34 - debug: [[Executor]] Module "pack:///chunks/c0/c0b76557bc72b9488af90a6fe8f09f149342ad02.js" loaded.

2026-9-27 12:55:34 - debug: /Users/yvainair/Code/游戏-左右滑古代史/temp/programming/packer-driver/targets/editor/chunks/cb/cb0e65eac6ae61f85ddba09090a1e5ba0dca1fcd.js resolved to /Users/yvainair/Code/游戏-左右滑古代史/temp/programming/packer-driver/targets/editor/chunks/cb/cb0e65eac6ae61f85ddba09090a1e5ba0dca1fcd.js is not in module cache!

2026-9-27 12:55:34 - debug: [[Executor]] Module "pack:///chunks/cb/cb0e65eac6ae61f85ddba09090a1e5ba0dca1fcd.js" loaded.

2026-9-27 12:55:34 - debug: /Users/yvainair/Code/游戏-左右滑古代史/temp/programming/packer-driver/targets/editor/chunks/5e/5e1c5ca344d1d7e987677b7c80316e31acd4ef06.js resolved to /Users/yvainair/Code/游戏-左右滑古代史/temp/programming/packer-driver/targets/editor/chunks/5e/5e1c5ca344d1d7e987677b7c80316e31acd4ef06.js is not in module cache!

2026-9-27 12:55:34 - debug: [[Executor]] Module "pack:///chunks/5e/5e1c5ca344d1d7e987677b7c80316e31acd4ef06.js" loaded.

2026-9-27 12:55:34 - debug: /Users/yvainair/Code/游戏-左右滑古代史/temp/programming/packer-driver/targets/editor/chunks/fb/fb9db508af659cc77dc1b1b11c6ab97bfa42f21a.js resolved to /Users/yvainair/Code/游戏-左右滑古代史/temp/programming/packer-driver/targets/editor/chunks/fb/fb9db508af659cc77dc1b1b11c6ab97bfa42f21a.js is not in module cache!

2026-9-27 12:55:34 - debug: /Users/yvainair/Code/游戏-左右滑古代史/temp/programming/packer-driver/targets/editor/chunks/ff/ffc0226485aef89be6f4d894fcfb1c15e3c29e28.js resolved to /Users/yvainair/Code/游戏-左右滑古代史/temp/programming/packer-driver/targets/editor/chunks/ff/ffc0226485aef89be6f4d894fcfb1c15e3c29e28.js is not in module cache!

2026-9-27 12:55:34 - debug: /Users/yvainair/Code/游戏-左右滑古代史/temp/programming/packer-driver/targets/editor/chunks/b8/b8c50619e1211e37ed10c6d26ff1b393dc1f99a0.js resolved to /Users/yvainair/Code/游戏-左右滑古代史/temp/programming/packer-driver/targets/editor/chunks/b8/b8c50619e1211e37ed10c6d26ff1b393dc1f99a0.js is not in module cache!

2026-9-27 12:55:34 - debug: [[Executor]] Module "pack:///chunks/b8/b8c50619e1211e37ed10c6d26ff1b393dc1f99a0.js" loaded.

2026-9-27 12:55:34 - debug: [[Executor]] Module "pack:///chunks/ff/ffc0226485aef89be6f4d894fcfb1c15e3c29e28.js" loaded.

2026-9-27 12:55:34 - debug: [[Executor]] Module "pack:///chunks/fb/fb9db508af659cc77dc1b1b11c6ab97bfa42f21a.js" loaded.

2026-9-27 12:55:34 - debug: /Users/yvainair/Code/游戏-左右滑古代史/temp/programming/packer-driver/targets/editor/chunks/81/8127eba7cfa85b84f7e3dc3090e84967f5869d65.js resolved to /Users/yvainair/Code/游戏-左右滑古代史/temp/programming/packer-driver/targets/editor/chunks/81/8127eba7cfa85b84f7e3dc3090e84967f5869d65.js is not in module cache!

2026-9-27 12:55:34 - debug: /Users/yvainair/Code/游戏-左右滑古代史/temp/programming/packer-driver/targets/editor/chunks/4d/4dd3e339d27ee97b6dfa21468d8fd8975e5e32a8.js resolved to /Users/yvainair/Code/游戏-左右滑古代史/temp/programming/packer-driver/targets/editor/chunks/4d/4dd3e339d27ee97b6dfa21468d8fd8975e5e32a8.js is not in module cache!

2026-9-27 12:55:34 - debug: /Users/yvainair/Code/游戏-左右滑古代史/temp/programming/packer-driver/targets/editor/chunks/26/26f1b04848ed4c464de7f528b673c25787c1fb1a.js resolved to /Users/yvainair/Code/游戏-左右滑古代史/temp/programming/packer-driver/targets/editor/chunks/26/26f1b04848ed4c464de7f528b673c25787c1fb1a.js is not in module cache!

2026-9-27 12:55:34 - debug: /Users/yvainair/Code/游戏-左右滑古代史/temp/programming/packer-driver/targets/editor/chunks/49/49886e57a711859312a0bac913a17d3770cb87a1.js resolved to /Users/yvainair/Code/游戏-左右滑古代史/temp/programming/packer-driver/targets/editor/chunks/49/49886e57a711859312a0bac913a17d3770cb87a1.js is not in module cache!

2026-9-27 12:55:34 - debug: /Users/yvainair/Code/游戏-左右滑古代史/temp/programming/packer-driver/targets/editor/chunks/dc/dcedc3f06ba0e144b93683e75566f2d649e19408.js resolved to /Users/yvainair/Code/游戏-左右滑古代史/temp/programming/packer-driver/targets/editor/chunks/dc/dcedc3f06ba0e144b93683e75566f2d649e19408.js is not in module cache!

2026-9-27 12:55:34 - debug: /Users/yvainair/Code/游戏-左右滑古代史/temp/programming/packer-driver/targets/editor/chunks/bd/bda1f70db3b89e3aa3dc286306bc9336f78d1a92.js resolved to /Users/yvainair/Code/游戏-左右滑古代史/temp/programming/packer-driver/targets/editor/chunks/bd/bda1f70db3b89e3aa3dc286306bc9336f78d1a92.js is not in module cache!

2026-9-27 12:55:34 - debug: /Users/yvainair/Code/游戏-左右滑古代史/temp/programming/packer-driver/targets/editor/chunks/d0/d0a454f2167c0164deae0a6d0748f95af831fd92.js resolved to /Users/yvainair/Code/游戏-左右滑古代史/temp/programming/packer-driver/targets/editor/chunks/d0/d0a454f2167c0164deae0a6d0748f95af831fd92.js is not in module cache!

2026-9-27 12:55:34 - debug: /Users/yvainair/Code/游戏-左右滑古代史/temp/programming/packer-driver/targets/editor/chunks/d6/d6259f716d8fbff6ea75d901830d3a5da384572a.js resolved to /Users/yvainair/Code/游戏-左右滑古代史/temp/programming/packer-driver/targets/editor/chunks/d6/d6259f716d8fbff6ea75d901830d3a5da384572a.js is not in module cache!

2026-9-27 12:55:34 - debug: /Users/yvainair/Code/游戏-左右滑古代史/temp/programming/packer-driver/targets/editor/chunks/63/63182266f7012c450340545fcec1a988ca3e47b0.js resolved to /Users/yvainair/Code/游戏-左右滑古代史/temp/programming/packer-driver/targets/editor/chunks/63/63182266f7012c450340545fcec1a988ca3e47b0.js is not in module cache!

2026-9-27 12:55:34 - debug: /Users/yvainair/Code/游戏-左右滑古代史/temp/programming/packer-driver/targets/editor/chunks/9c/9c9248241918ec98987e4f9f3a0301b7baf70794.js resolved to /Users/yvainair/Code/游戏-左右滑古代史/temp/programming/packer-driver/targets/editor/chunks/9c/9c9248241918ec98987e4f9f3a0301b7baf70794.js is not in module cache!

2026-9-27 12:55:34 - debug: /Users/yvainair/Code/游戏-左右滑古代史/temp/programming/packer-driver/targets/editor/chunks/05/054ae575d688fa11608eac2c1ab00b2ca4ad66a9.js resolved to /Users/yvainair/Code/游戏-左右滑古代史/temp/programming/packer-driver/targets/editor/chunks/05/054ae575d688fa11608eac2c1ab00b2ca4ad66a9.js is not in module cache!

2026-9-27 12:55:34 - debug: /Users/yvainair/Code/游戏-左右滑古代史/temp/programming/packer-driver/targets/editor/chunks/78/78fd4bb03279a676c63b00b78a9a8cd20319eb2b.js resolved to /Users/yvainair/Code/游戏-左右滑古代史/temp/programming/packer-driver/targets/editor/chunks/78/78fd4bb03279a676c63b00b78a9a8cd20319eb2b.js is not in module cache!

2026-9-27 12:55:34 - debug: [[Executor]] Module "pack:///chunks/9c/9c9248241918ec98987e4f9f3a0301b7baf70794.js" loaded.

2026-9-27 12:55:34 - debug: [[Executor]] Module "pack:///chunks/78/78fd4bb03279a676c63b00b78a9a8cd20319eb2b.js" loaded.

2026-9-27 12:55:34 - debug: [[Executor]] Module "pack:///chunks/dc/dcedc3f06ba0e144b93683e75566f2d649e19408.js" loaded.

2026-9-27 12:55:34 - debug: [[Executor]] Module "pack:///chunks/d0/d0a454f2167c0164deae0a6d0748f95af831fd92.js" loaded.

2026-9-27 12:55:34 - debug: [[Executor]] Module "pack:///chunks/05/054ae575d688fa11608eac2c1ab00b2ca4ad66a9.js" loaded.

2026-9-27 12:55:34 - debug: [[Executor]] Module "pack:///chunks/63/63182266f7012c450340545fcec1a988ca3e47b0.js" loaded.

2026-9-27 12:55:34 - debug: [[Executor]] Module "pack:///chunks/49/49886e57a711859312a0bac913a17d3770cb87a1.js" loaded.

2026-9-27 12:55:34 - debug: [[Executor]] Module "pack:///chunks/bd/bda1f70db3b89e3aa3dc286306bc9336f78d1a92.js" loaded.

2026-9-27 12:55:34 - debug: [[Executor]] Module "pack:///chunks/d6/d6259f716d8fbff6ea75d901830d3a5da384572a.js" loaded.

2026-9-27 12:55:34 - debug: [[Executor]] Module "pack:///chunks/26/26f1b04848ed4c464de7f528b673c25787c1fb1a.js" loaded.

2026-9-27 12:55:34 - debug: [[Executor]] Module "pack:///chunks/4d/4dd3e339d27ee97b6dfa21468d8fd8975e5e32a8.js" loaded.

2026-9-27 12:55:34 - debug: [[Executor]] Module "pack:///chunks/81/8127eba7cfa85b84f7e3dc3090e84967f5869d65.js" loaded.

2026-9-27 12:55:34 - debug: /Users/yvainair/Code/游戏-左右滑古代史/temp/programming/packer-driver/targets/editor/chunks/1e/1e8ad3ea4b3b5ffb438d915518b5b929beb97292.js resolved to /Users/yvainair/Code/游戏-左右滑古代史/temp/programming/packer-driver/targets/editor/chunks/1e/1e8ad3ea4b3b5ffb438d915518b5b929beb97292.js is not in module cache!

2026-9-27 12:55:34 - debug: /Users/yvainair/Code/游戏-左右滑古代史/temp/programming/packer-driver/targets/editor/chunks/8a/8ae60563bfab8839180f4592753da51abc50c19f.js resolved to /Users/yvainair/Code/游戏-左右滑古代史/temp/programming/packer-driver/targets/editor/chunks/8a/8ae60563bfab8839180f4592753da51abc50c19f.js is not in module cache!

2026-9-27 12:55:34 - debug: /Users/yvainair/Code/游戏-左右滑古代史/temp/programming/packer-driver/targets/editor/chunks/61/615253939ca340261a18efbeb2216aaf7493b86b.js resolved to /Users/yvainair/Code/游戏-左右滑古代史/temp/programming/packer-driver/targets/editor/chunks/61/615253939ca340261a18efbeb2216aaf7493b86b.js is not in module cache!

2026-9-27 12:55:34 - debug: /Users/yvainair/Code/游戏-左右滑古代史/temp/programming/packer-driver/targets/editor/chunks/e0/e05c5469b29eeb732999ab9e6e704ef941baed02.js resolved to /Users/yvainair/Code/游戏-左右滑古代史/temp/programming/packer-driver/targets/editor/chunks/e0/e05c5469b29eeb732999ab9e6e704ef941baed02.js is not in module cache!

2026-9-27 12:55:34 - debug: /Users/yvainair/Code/游戏-左右滑古代史/temp/programming/packer-driver/targets/editor/chunks/f7/f792cf9f56ba74e130d96c1a1a452eb952ea5dbc.js resolved to /Users/yvainair/Code/游戏-左右滑古代史/temp/programming/packer-driver/targets/editor/chunks/f7/f792cf9f56ba74e130d96c1a1a452eb952ea5dbc.js is not in module cache!

2026-9-27 12:55:34 - debug: /Users/yvainair/Code/游戏-左右滑古代史/temp/programming/packer-driver/targets/editor/chunks/39/39b942ad6704913f0748c046b3802109c93c22a3.js resolved to /Users/yvainair/Code/游戏-左右滑古代史/temp/programming/packer-driver/targets/editor/chunks/39/39b942ad6704913f0748c046b3802109c93c22a3.js is not in module cache!

2026-9-27 12:55:34 - debug: /Users/yvainair/Code/游戏-左右滑古代史/temp/programming/packer-driver/targets/editor/chunks/36/36266fac88515cda5226969d0fd37d6edb90b8e5.js resolved to /Users/yvainair/Code/游戏-左右滑古代史/temp/programming/packer-driver/targets/editor/chunks/36/36266fac88515cda5226969d0fd37d6edb90b8e5.js is not in module cache!

2026-9-27 12:55:34 - debug: /Users/yvainair/Code/游戏-左右滑古代史/temp/programming/packer-driver/targets/editor/chunks/91/91dacf5d623af63a162fb10ff157c8f2eea77f8a.js resolved to /Users/yvainair/Code/游戏-左右滑古代史/temp/programming/packer-driver/targets/editor/chunks/91/91dacf5d623af63a162fb10ff157c8f2eea77f8a.js is not in module cache!

2026-9-27 12:55:34 - debug: [[Executor]] Module "pack:///chunks/e0/e05c5469b29eeb732999ab9e6e704ef941baed02.js" loaded.

2026-9-27 12:55:34 - debug: [[Executor]] Module "pack:///chunks/f7/f792cf9f56ba74e130d96c1a1a452eb952ea5dbc.js" loaded.

2026-9-27 12:55:34 - debug: [[Executor]] Module "pack:///chunks/61/615253939ca340261a18efbeb2216aaf7493b86b.js" loaded.

2026-9-27 12:55:34 - debug: [[Executor]] Module "pack:///chunks/36/36266fac88515cda5226969d0fd37d6edb90b8e5.js" loaded.

2026-9-27 12:55:34 - debug: [[Executor]] Module "pack:///chunks/8a/8ae60563bfab8839180f4592753da51abc50c19f.js" loaded.

2026-9-27 12:55:34 - debug: [[Executor]] Module "pack:///chunks/91/91dacf5d623af63a162fb10ff157c8f2eea77f8a.js" loaded.

2026-9-27 12:55:34 - debug: [[Executor]] Module "pack:///chunks/39/39b942ad6704913f0748c046b3802109c93c22a3.js" loaded.

2026-9-27 12:55:34 - debug: [[Executor]] Module "pack:///chunks/1e/1e8ad3ea4b3b5ffb438d915518b5b929beb97292.js" loaded.

2026-9-27 12:55:34 - debug: /Users/yvainair/Code/游戏-左右滑古代史/temp/programming/packer-driver/targets/editor/chunks/ae/aea057460c36c8e27a5812e99aa2b6350443fbac.js resolved to /Users/yvainair/Code/游戏-左右滑古代史/temp/programming/packer-driver/targets/editor/chunks/ae/aea057460c36c8e27a5812e99aa2b6350443fbac.js is not in module cache!

2026-9-27 12:55:34 - debug: /Users/yvainair/Code/游戏-左右滑古代史/temp/programming/packer-driver/targets/editor/chunks/f0/f07b08cdb796be8f7d4db0f0fb259d99c7d9ff8b.js resolved to /Users/yvainair/Code/游戏-左右滑古代史/temp/programming/packer-driver/targets/editor/chunks/f0/f07b08cdb796be8f7d4db0f0fb259d99c7d9ff8b.js is not in module cache!

2026-9-27 12:55:34 - debug: /Users/yvainair/Code/游戏-左右滑古代史/temp/programming/packer-driver/targets/editor/chunks/f7/f763c1cf343887b774127487e9fbb65ace3598c9.js resolved to /Users/yvainair/Code/游戏-左右滑古代史/temp/programming/packer-driver/targets/editor/chunks/f7/f763c1cf343887b774127487e9fbb65ace3598c9.js is not in module cache!

2026-9-27 12:55:34 - debug: /Users/yvainair/Code/游戏-左右滑古代史/temp/programming/packer-driver/targets/editor/chunks/99/99ed922c5100701088344933224ce15b71a643e2.js resolved to /Users/yvainair/Code/游戏-左右滑古代史/temp/programming/packer-driver/targets/editor/chunks/99/99ed922c5100701088344933224ce15b71a643e2.js is not in module cache!

2026-9-27 12:55:34 - debug: /Users/yvainair/Code/游戏-左右滑古代史/temp/programming/packer-driver/targets/editor/chunks/3e/3ee4740f6bc6c61fb49a8b2e410d8016dad15450.js resolved to /Users/yvainair/Code/游戏-左右滑古代史/temp/programming/packer-driver/targets/editor/chunks/3e/3ee4740f6bc6c61fb49a8b2e410d8016dad15450.js is not in module cache!

2026-9-27 12:55:34 - debug: /Users/yvainair/Code/游戏-左右滑古代史/temp/programming/packer-driver/targets/editor/chunks/89/8902ecd458bec89c1d7ff6708fcd58ff2b6ef397.js resolved to /Users/yvainair/Code/游戏-左右滑古代史/temp/programming/packer-driver/targets/editor/chunks/89/8902ecd458bec89c1d7ff6708fcd58ff2b6ef397.js is not in module cache!

2026-9-27 12:55:34 - debug: /Users/yvainair/Code/游戏-左右滑古代史/temp/programming/packer-driver/targets/editor/chunks/cd/cd5cd52d46449b8a23becf08dfc8e84ca9e329b7.js resolved to /Users/yvainair/Code/游戏-左右滑古代史/temp/programming/packer-driver/targets/editor/chunks/cd/cd5cd52d46449b8a23becf08dfc8e84ca9e329b7.js is not in module cache!

2026-9-27 12:55:34 - debug: /Users/yvainair/Code/游戏-左右滑古代史/temp/programming/packer-driver/targets/editor/chunks/1f/1fb5834b69e43118ce163539f45f64300b5a4962.js resolved to /Users/yvainair/Code/游戏-左右滑古代史/temp/programming/packer-driver/targets/editor/chunks/1f/1fb5834b69e43118ce163539f45f64300b5a4962.js is not in module cache!

2026-9-27 12:55:34 - debug: /Users/yvainair/Code/游戏-左右滑古代史/temp/programming/packer-driver/targets/editor/chunks/e6/e6914f052ef41baefabc7bc8743272f9dc494a90.js resolved to /Users/yvainair/Code/游戏-左右滑古代史/temp/programming/packer-driver/targets/editor/chunks/e6/e6914f052ef41baefabc7bc8743272f9dc494a90.js is not in module cache!

2026-9-27 12:55:34 - debug: /Users/yvainair/Code/游戏-左右滑古代史/temp/programming/packer-driver/targets/editor/chunks/cf/cf3e00ef0c8bb4372ed31524939167bb8fdea1c2.js resolved to /Users/yvainair/Code/游戏-左右滑古代史/temp/programming/packer-driver/targets/editor/chunks/cf/cf3e00ef0c8bb4372ed31524939167bb8fdea1c2.js is not in module cache!

2026-9-27 12:55:34 - debug: /Users/yvainair/Code/游戏-左右滑古代史/temp/programming/packer-driver/targets/editor/chunks/dc/dcf0a2e0e80cc731df468fb193e1986fea000d32.js resolved to /Users/yvainair/Code/游戏-左右滑古代史/temp/programming/packer-driver/targets/editor/chunks/dc/dcf0a2e0e80cc731df468fb193e1986fea000d32.js is not in module cache!

2026-9-27 12:55:34 - debug: /Users/yvainair/Code/游戏-左右滑古代史/temp/programming/packer-driver/targets/editor/chunks/5d/5d2f5040c8c4eac033d22b3a55196f55dafebe7d.js resolved to /Users/yvainair/Code/游戏-左右滑古代史/temp/programming/packer-driver/targets/editor/chunks/5d/5d2f5040c8c4eac033d22b3a55196f55dafebe7d.js is not in module cache!

2026-9-27 12:55:34 - debug: /Users/yvainair/Code/游戏-左右滑古代史/temp/programming/packer-driver/targets/editor/chunks/ee/ee6a38f551f0a3f753c30ea6ea52e051e51fa7f8.js resolved to /Users/yvainair/Code/游戏-左右滑古代史/temp/programming/packer-driver/targets/editor/chunks/ee/ee6a38f551f0a3f753c30ea6ea52e051e51fa7f8.js is not in module cache!

2026-9-27 12:55:34 - debug: /Users/yvainair/Code/游戏-左右滑古代史/temp/programming/packer-driver/targets/editor/chunks/f6/f6ef18b49ae438869c243e03038015a37c6796e7.js resolved to /Users/yvainair/Code/游戏-左右滑古代史/temp/programming/packer-driver/targets/editor/chunks/f6/f6ef18b49ae438869c243e03038015a37c6796e7.js is not in module cache!

2026-9-27 12:55:34 - debug: /Users/yvainair/Code/游戏-左右滑古代史/temp/programming/packer-driver/targets/editor/chunks/03/03333cbf9496c4789656d773b28885614bc76336.js resolved to /Users/yvainair/Code/游戏-左右滑古代史/temp/programming/packer-driver/targets/editor/chunks/03/03333cbf9496c4789656d773b28885614bc76336.js is not in module cache!

2026-9-27 12:55:34 - debug: /Users/yvainair/Code/游戏-左右滑古代史/temp/programming/packer-driver/targets/editor/chunks/c7/c7d8656c253ccb16c1bf56fa3730d0c29d38cb43.js resolved to /Users/yvainair/Code/游戏-左右滑古代史/temp/programming/packer-driver/targets/editor/chunks/c7/c7d8656c253ccb16c1bf56fa3730d0c29d38cb43.js is not in module cache!

2026-9-27 12:55:34 - debug: /Users/yvainair/Code/游戏-左右滑古代史/temp/programming/packer-driver/targets/editor/chunks/c7/c7d7e5a7a0853f436a3bf5f3caa9b86719609191.js resolved to /Users/yvainair/Code/游戏-左右滑古代史/temp/programming/packer-driver/targets/editor/chunks/c7/c7d7e5a7a0853f436a3bf5f3caa9b86719609191.js is not in module cache!

2026-9-27 12:55:34 - debug: /Users/yvainair/Code/游戏-左右滑古代史/temp/programming/packer-driver/targets/editor/chunks/89/891817ee55e7c11cc82ede22a538864c0234ed2f.js resolved to /Users/yvainair/Code/游戏-左右滑古代史/temp/programming/packer-driver/targets/editor/chunks/89/891817ee55e7c11cc82ede22a538864c0234ed2f.js is not in module cache!

2026-9-27 12:55:34 - debug: /Users/yvainair/Code/游戏-左右滑古代史/temp/programming/packer-driver/targets/editor/chunks/4f/4f695d397f60bd0bb8ae3a0d76afbd58d1801d78.js resolved to /Users/yvainair/Code/游戏-左右滑古代史/temp/programming/packer-driver/targets/editor/chunks/4f/4f695d397f60bd0bb8ae3a0d76afbd58d1801d78.js is not in module cache!

2026-9-27 12:55:34 - debug: /Users/yvainair/Code/游戏-左右滑古代史/temp/programming/packer-driver/targets/editor/chunks/5c/5c4848770d95ecfc52903d9c91ab00a9597fe8af.js resolved to /Users/yvainair/Code/游戏-左右滑古代史/temp/programming/packer-driver/targets/editor/chunks/5c/5c4848770d95ecfc52903d9c91ab00a9597fe8af.js is not in module cache!

2026-9-27 12:55:34 - debug: [[Executor]] Module "pack:///chunks/dc/dcf0a2e0e80cc731df468fb193e1986fea000d32.js" loaded.

2026-9-27 12:55:34 - debug: [[Executor]] Module "pack:///chunks/4f/4f695d397f60bd0bb8ae3a0d76afbd58d1801d78.js" loaded.

2026-9-27 12:55:34 - debug: [[Executor]] Module "pack:///chunks/c7/c7d8656c253ccb16c1bf56fa3730d0c29d38cb43.js" loaded.

2026-9-27 12:55:34 - debug: [[Executor]] Module "pack:///chunks/cd/cd5cd52d46449b8a23becf08dfc8e84ca9e329b7.js" loaded.

2026-9-27 12:55:34 - debug: [[Executor]] Module "pack:///chunks/89/891817ee55e7c11cc82ede22a538864c0234ed2f.js" loaded.

2026-9-27 12:55:34 - debug: [[Executor]] Module "pack:///chunks/1f/1fb5834b69e43118ce163539f45f64300b5a4962.js" loaded.

2026-9-27 12:55:34 - debug: [[Executor]] Module "pack:///chunks/5c/5c4848770d95ecfc52903d9c91ab00a9597fe8af.js" loaded.

2026-9-27 12:55:34 - debug: [[Executor]] Module "pack:///chunks/ee/ee6a38f551f0a3f753c30ea6ea52e051e51fa7f8.js" loaded.

2026-9-27 12:55:34 - debug: [[Executor]] Module "pack:///chunks/03/03333cbf9496c4789656d773b28885614bc76336.js" loaded.

2026-9-27 12:55:34 - debug: [[Executor]] Module "pack:///chunks/f6/f6ef18b49ae438869c243e03038015a37c6796e7.js" loaded.

2026-9-27 12:55:34 - debug: [[Executor]] Module "pack:///chunks/5d/5d2f5040c8c4eac033d22b3a55196f55dafebe7d.js" loaded.

2026-9-27 12:55:34 - debug: [[Executor]] Register FormalGame

2026-9-27 12:55:34 - debug: [[Executor]] Module "pack:///chunks/99/99ed922c5100701088344933224ce15b71a643e2.js" loaded.

2026-9-27 12:55:34 - debug: [[Executor]] Module "pack:///chunks/f0/f07b08cdb796be8f7d4db0f0fb259d99c7d9ff8b.js" loaded.

2026-9-27 12:55:34 - debug: [[Executor]] Module "pack:///chunks/3e/3ee4740f6bc6c61fb49a8b2e410d8016dad15450.js" loaded.

2026-9-27 12:55:34 - debug: [[Executor]] Module "pack:///chunks/f7/f763c1cf343887b774127487e9fbb65ace3598c9.js" loaded.

2026-9-27 12:55:34 - debug: [[Executor]] Module "pack:///chunks/89/8902ecd458bec89c1d7ff6708fcd58ff2b6ef397.js" loaded.

2026-9-27 12:55:34 - debug: [[Executor]] Module "pack:///chunks/c7/c7d7e5a7a0853f436a3bf5f3caa9b86719609191.js" loaded.

2026-9-27 12:55:34 - debug: [[Executor]] Module "pack:///chunks/e6/e6914f052ef41baefabc7bc8743272f9dc494a90.js" loaded.

2026-9-27 12:55:34 - debug: [[Executor]] Module "pack:///chunks/cf/cf3e00ef0c8bb4372ed31524939167bb8fdea1c2.js" loaded.

2026-9-27 12:55:34 - debug: [[Executor]] Register Game

2026-9-27 12:55:34 - debug: [[Executor]] Module "pack:///chunks/ae/aea057460c36c8e27a5812e99aa2b6350443fbac.js" loaded.

2026-9-27 12:55:34 - debug: /Users/yvainair/Code/游戏-左右滑古代史/temp/programming/packer-driver/targets/editor/chunks/19/1968830aa8c23267f95850606859868654410572.js resolved to /Users/yvainair/Code/游戏-左右滑古代史/temp/programming/packer-driver/targets/editor/chunks/19/1968830aa8c23267f95850606859868654410572.js is not in module cache!

2026-9-27 12:55:34 - debug: [[Executor]] Module "pack:///chunks/19/1968830aa8c23267f95850606859868654410572.js" loaded.

2026-9-27 12:55:34 - debug: /Users/yvainair/Code/游戏-左右滑古代史/temp/programming/packer-driver/targets/editor/chunks/69/691ace3ddec66353f1b1f97de5c747bce2ae6aa4.js resolved to /Users/yvainair/Code/游戏-左右滑古代史/temp/programming/packer-driver/targets/editor/chunks/69/691ace3ddec66353f1b1f97de5c747bce2ae6aa4.js is not in module cache!

2026-9-27 12:55:34 - debug: [[Executor]] Module "pack:///chunks/69/691ace3ddec66353f1b1f97de5c747bce2ae6aa4.js" loaded.

2026-9-27 12:55:34 - debug: [[Executor]] Module "pack:///chunks/6d/6d8fd2b0177941b032ddc0733af48a561fb60657.js" loaded.

2026-9-27 12:55:34 - groupEnd: Imports all modules

2026-9-27 12:55:34 - debug: [[Executor]] after unlock

2026-9-27 12:55:34 - debug: Incremental keys: regeneratorRuntime,b2jsb

2026-9-27 12:55:34 - debug: Init bundle share assets start..., progress: 9%

2026-9-27 12:55:34 - debug: Init bundle share assets start..., progress: 13%

2026-9-27 12:55:34 - debug: Init bundle share assets success..., progress: 9%

2026-9-27 12:55:34 - debug: Init bundle share assets success..., progress: 13%

2026-9-27 12:55:34 - debug: handle json group in bundle internal

2026-9-27 12:55:34 - debug: handle json group in bundle internal success

2026-9-27 12:55:34 - debug: handle json group in bundle resources

2026-9-27 12:55:34 - debug: handle json group in bundle main

2026-9-27 12:55:34 - debug: init image compress task 0 in bundle internal

2026-9-27 12:55:34 - debug: handle json group in bundle main success

2026-9-27 12:55:34 - debug: init image compress task 0 in bundle main

2026-9-27 12:55:34 - debug: handle json group in bundle resources success

2026-9-27 12:55:34 - debug: init image compress task 0 in bundle resources

2026-9-27 12:55:34 - debug: // ---- build task Query asset bundle ---- (64ms)

2026-9-27 12:55:34 - log: run build task Query asset bundle success in 64 ms√, progress: 14%

2026-9-27 12:55:34 - debug: [Build Memory track]: Query asset bundle start:397.33MB, end 402.87MB, increase: 5.54MB

2026-9-27 12:55:34 - debug: Query asset bundle start, progress: 14%

2026-9-27 12:55:34 - debug: // ---- build task Query asset bundle ----

2026-9-27 12:55:34 - debug: // ---- build task Query asset bundle ---- (2ms)

2026-9-27 12:55:34 - log: run build task Query asset bundle success in 2 ms√, progress: 19%

2026-9-27 12:55:34 - debug: [Build Memory track]: Query asset bundle start:402.91MB, end 403.46MB, increase: 562.59KB

2026-9-27 12:55:34 - debug: Build script start, progress: 19%

2026-9-27 12:55:34 - debug: // ---- build task Build script ----

2026-9-27 12:55:34 - log: [buildPolyfillsCommand]enter sub process 53304, 9229, see: chrome://inspect/#devices

auto refresh because script compiled or scene changed
2026-9-27 12:55:35 - debug: execute-script-end with buildPolyfillsCommand 1486ms

2026-9-27 12:55:35 - debug: Generate systemJs..., progress: 19%

2026-9-27 12:55:36 - debug: execute-script-end with buildSystemJsCommand 840ms

2026-9-27 12:55:36 - debug: Build project script start..., progress: 19%

2026-9-27 12:55:36 - debug: Build project script start..., progress: 13%

2026-9-27 12:55:39 - log: [buildScriptCommand]Number of non-entry chunks: 3

2026-9-27 12:55:39 - debug: execute-script-end with buildScriptCommand 2841ms

2026-9-27 12:55:39 - debug: Copy externalScripts success!

2026-9-27 12:55:39 - debug: Build project script in (2860 ms) √, progress: 19%

2026-9-27 12:55:39 - debug: Build project script in (2860 ms) √, progress: 13%

2026-9-27 12:55:39 - debug: Build engine start..., progress: 19%

2026-9-27 12:55:39 - debug: mangleProperties is enabled, found engine-mangle-config.json, use it

2026-9-27 12:55:39 - debug: Use cache engine: {link(/Users/yvainair/Code/游戏-左右滑古代史/.cache/tmp/CocosCreator/3.8.8/builder/engine/28ba8788b70172ef6c57ee7170520225)}

2026-9-27 12:55:39 - debug: Use cache, md5String: debug=false,sourceMaps=false,includeModules=["2d","audio","base","custom-pipeline","gfx-webgl","graphics","mask","profiler","tween","ui","custom-pipeline-builtin-scripts"],engineVersion="3.8.8",platformType="WECHAT",split=undefined,nativeCodeBundleMode="wasm",targets=undefined,entry="/Applications/CocosCreator/Creator/3.8.8/CocosCreator.app/Contents/Resources/resources/3d/engine",noDeprecatedFeatures=undefined,loose=true,assetURLFormat="relative-from-out",flags={"DEBUG":false,"LOAD_BULLET_MANUALLY":false,"LOAD_SPINE_MANUALLY":false},preserveType=undefined,wasmCompressionMode=false,enableNamedRegisterForSystemJSModuleFormat=undefined,mangleProperties=false,inlineEnum=true,

2026-9-27 12:55:39 - debug: Use cache, options: {  "entry": "/Applications/CocosCreator/Creator/3.8.8/CocosCreator.app/Contents/Resources/resources/3d/engine",  "debug": false,  "mangleProperties": false,  "inlineEnum": true,  "sourceMaps": false,  "includeModules": [    "2d",    "audio",    "base",    "custom-pipeline",    "gfx-webgl",    "graphics",    "mask",    "profiler",    "tween",    "ui",    "custom-pipeline-builtin-scripts"  ],  "engineVersion": "3.8.8",  "md5Map": [],  "engineName": "cocos-js",  "output": "/Users/yvainair/Code/游戏-左右滑古代史/build/wechatgame/cocos-js",  "platformType": "WECHAT",  "useCache": true,  "nativeCodeBundleMode": "wasm",  "wasmCompressionMode": false,  "assetURLFormat": "relative-from-out",  "flags": {    "DEBUG": false,    "LOAD_BULLET_MANUALLY": false,    "LOAD_SPINE_MANUALLY": false  }}

2026-9-27 12:55:39 - debug: Error: Exit process with code:null, signal:SIGTERM in task build-script    at ChildProcess.<anonymous> (/Applications/CocosCreator/Creator/3.8.8/CocosCreator.app/Contents/Resources/app.asar/builtin/builder/dist/worker/worker-pools/sub-process-manager.ccc:1:2409)    at ChildProcess.emit (node:events:519:28)    at Process.ChildProcess._handle.onexit (node:internal/child_process:294:12)

2026-9-27 12:55:39 - debug: Build engine in (25 ms) √, progress: 19%

2026-9-27 12:55:39 - debug: Copy plugin script ..., progress: 19%

2026-9-27 12:55:39 - debug: Generate import-map..., progress: 19%

2026-9-27 12:55:39 - debug: // ---- build task Build script ---- (5235ms)

2026-9-27 12:55:39 - log: run build task Build script success in 5 s√, progress: 24%

2026-9-27 12:55:39 - debug: [Build Memory track]: Build script start:403.20MB, end 229.97MB, increase: -177388.10KB

2026-9-27 12:55:39 - debug: Build Assets start, progress: 24%

2026-9-27 12:55:39 - debug: // ---- build task Build Assets ----

2026-9-27 12:55:39 - debug: Build bundles..., progress: 24%

2026-9-27 12:55:39 - debug: Pack Images start, progress: 24%

2026-9-27 12:55:39 - debug: Pack Images start, progress: 13%

2026-9-27 12:55:39 - debug: Number of pac assets: 1

2026-9-27 12:55:39 - debug: No pack results

2026-9-27 12:55:39 - debug: Compress image start..., progress: 24%

2026-9-27 12:55:39 - debug: Compress image start..., progress: 13%

2026-9-27 12:55:39 - group: Compress image...

2026-9-27 12:55:39 - debug: sort compress task {}

2026-9-27 12:55:39 - debug: Num of all image compress task 0, really: 0, configTasks: 0

2026-9-27 12:55:39 - debug: No image need to compress

2026-9-27 12:55:39 - groupEnd: Compress image...

2026-9-27 12:55:39 - debug: Compress image success..., progress: 24%

2026-9-27 12:55:39 - debug: Compress image success..., progress: 13%

2026-9-27 12:55:39 - debug: Output asset in bundles start, progress: 24%

2026-9-27 12:55:39 - debug: Output asset in bundles start, progress: 13%

2026-9-27 12:55:39 - debug: Handle all json groups in bundle internal

2026-9-27 12:55:39 - debug: handle json group

2026-9-27 12:55:39 - debug: Handle all json groups in bundle resources

2026-9-27 12:55:39 - debug: handle json group

2026-9-27 12:55:39 - debug: Handle all json groups in bundle main

2026-9-27 12:55:39 - debug: handle json group

2026-9-27 12:55:39 - debug: handle single json

2026-9-27 12:55:39 - debug: Json group(04999dadd) compile success，json number: 6

2026-9-27 12:55:39 - debug: handle single json

2026-9-27 12:55:39 - debug: Json group(0b0f7a282) compile success，json number: 6

2026-9-27 12:55:39 - debug: handle single json

2026-9-27 12:55:39 - debug: Output asset in bundles success, progress: 24%

2026-9-27 12:55:39 - debug: Output asset in bundles success, progress: 13%

2026-9-27 12:55:39 - debug: Output asset in bundles start, progress: 24%

2026-9-27 12:55:39 - debug: Output asset in bundles start, progress: 13%

2026-9-27 12:55:39 - debug: compress config of bundle internal...

2026-9-27 12:55:39 - debug: compress config of bundle internal success

2026-9-27 12:55:39 - debug: compress config of bundle resources...

2026-9-27 12:55:39 - debug: compress config of bundle resources success

2026-9-27 12:55:39 - debug: compress config of bundle main...

2026-9-27 12:55:39 - debug: compress config of bundle main success

2026-9-27 12:55:39 - debug: output config of bundle internal

2026-9-27 12:55:39 - debug: output config of bundle internal success

2026-9-27 12:55:39 - debug: output config of bundle resources

2026-9-27 12:55:39 - debug: output config of bundle resources success

2026-9-27 12:55:39 - debug: output config of bundle main

2026-9-27 12:55:39 - debug: output config of bundle main success

2026-9-27 12:55:39 - debug: Output asset in bundles success, progress: 24%

2026-9-27 12:55:39 - debug: Output asset in bundles success, progress: 13%

2026-9-27 12:55:39 - debug: // ---- build task Build Assets ---- (161ms)

2026-9-27 12:55:39 - log: run build task Build Assets success in 161 ms√, progress: 29%

2026-9-27 12:55:39 - debug: [Build Memory track]: Build Assets start:230.01MB, end 235.70MB, increase: 5.69MB

2026-9-27 12:55:39 - debug: wechatgame:(onAfterBundleBuildTask) start..., progress: 29%

2026-9-27 12:55:39 - debug: wechatgame:(onAfterBundleBuildTask) start..., progress: 13%

2026-9-27 12:55:39 - debug: // ---- build task wechatgame：onAfterBundleBuildTask ----

2026-9-27 12:55:39 - debug: // ---- build task wechatgame：onAfterBundleBuildTask ---- (1ms)

2026-9-27 12:55:39 - debug: wechatgame:(onAfterBundleBuildTask) in 1 ms ✓, progress: 29%

2026-9-27 12:55:39 - debug: wechatgame:(onAfterBundleBuildTask) in 1 ms ✓, progress: 20%

2026-9-27 12:55:39 - debug: wechatgame:(onAfterBuildAssets) start..., progress: 29%

2026-9-27 12:55:39 - debug: // ---- build task wechatgame：onAfterBuildAssets ----

2026-9-27 12:55:39 - debug: // ---- build task wechatgame：onAfterBuildAssets ---- (1ms)

2026-9-27 12:55:39 - debug: wechatgame:(onAfterBuildAssets) in 1 ms ✓, progress: 31%

2026-9-27 12:55:39 - debug: Sort some build options to settings.json start, progress: 31%

2026-9-27 12:55:39 - debug: // ---- build task Sort some build options to settings.json ----

2026-9-27 12:55:39 - debug: // ---- build task Sort some build options to settings.json ---- (1ms)

2026-9-27 12:55:39 - log: run build task Sort some build options to settings.json success in 1 ms√, progress: 33%

2026-9-27 12:55:39 - debug: [Build Memory track]: Sort some build options to settings.json start:235.93MB, end 235.96MB, increase: 33.01KB

2026-9-27 12:55:39 - debug: Fill script data to settings start, progress: 33%

2026-9-27 12:55:39 - debug: // ---- build task Fill script data to settings ----

2026-9-27 12:55:39 - debug: // ---- build task Fill script data to settings ---- (1ms)

2026-9-27 12:55:39 - log: run build task Fill script data to settings success in 1 ms√, progress: 34%

2026-9-27 12:55:39 - debug: [Build Memory track]: Fill script data to settings start:236.00MB, end 236.04MB, increase: 46.50KB

2026-9-27 12:55:39 - debug: Sort some build options to settings.json start, progress: 34%

2026-9-27 12:55:39 - debug: // ---- build task Sort some build options to settings.json ----

2026-9-27 12:55:39 - debug: // ---- build task Sort some build options to settings.json ---- (3ms)

2026-9-27 12:55:39 - log: run build task Sort some build options to settings.json success in 3 ms√, progress: 36%

2026-9-27 12:55:39 - debug: [Build Memory track]: Sort some build options to settings.json start:236.07MB, end 236.21MB, increase: 141.06KB

2026-9-27 12:55:39 - debug: wechatgame:(onBeforeCompressSettings) start..., progress: 36%

2026-9-27 12:55:39 - debug: // ---- build task wechatgame：onBeforeCompressSettings ----

2026-9-27 12:55:39 - debug: // ---- build task wechatgame：onBeforeCompressSettings ---- (1ms)

2026-9-27 12:55:39 - debug: wechatgame:(onBeforeCompressSettings) in 1 ms ✓, progress: 38%

2026-9-27 12:55:39 - debug: cocos-service:(onBeforeCompressSettings) start..., progress: 38%

2026-9-27 12:55:39 - debug: // ---- build task cocos-service：onBeforeCompressSettings ----

2026-9-27 12:55:39 - debug: // ---- build task cocos-service：onBeforeCompressSettings ---- (2ms)

2026-9-27 12:55:39 - debug: cocos-service:(onBeforeCompressSettings) in 2 ms ✓, progress: 40%

2026-9-27 12:55:39 - debug: Sort build template start, progress: 40%

2026-9-27 12:55:39 - debug: // ---- build task Sort build template ----

2026-9-27 12:55:39 - debug: // ---- build task Sort build template ---- (15ms)

2026-9-27 12:55:39 - log: run build task Sort build template success in 15 ms√, progress: 45%

2026-9-27 12:55:39 - debug: [Build Memory track]: Sort build template start:236.36MB, end 234.28MB, increase: -2127.52KB

2026-9-27 12:55:39 - debug: cocos-service:(onAfterCompressSettings) start..., progress: 45%

2026-9-27 12:55:39 - debug: // ---- build task cocos-service：onAfterCompressSettings ----

2026-9-27 12:55:39 - debug: // ---- build task cocos-service：onAfterCompressSettings ---- (1ms)

2026-9-27 12:55:39 - debug: cocos-service:(onAfterCompressSettings) in 1 ms ✓, progress: 46%

2026-9-27 12:55:39 - debug: wechatgame:(onBeforeCopyBuildTemplate) start..., progress: 46%

2026-9-27 12:55:39 - debug: // ---- build task wechatgame：onBeforeCopyBuildTemplate ----

2026-9-27 12:55:39 - debug: // ---- build task wechatgame：onBeforeCopyBuildTemplate ---- (7ms)

2026-9-27 12:55:39 - debug: wechatgame:(onBeforeCopyBuildTemplate) in 7 ms ✓, progress: 48%

2026-9-27 12:55:39 - debug: wechatgame:(onAfterCopyBuildTemplate) start..., progress: 48%

2026-9-27 12:55:39 - debug: // ---- build task wechatgame：onAfterCopyBuildTemplate ----

2026-9-27 12:55:39 - debug: // ---- build task wechatgame：onAfterCopyBuildTemplate ---- (1ms)

2026-9-27 12:55:39 - debug: wechatgame:(onAfterCopyBuildTemplate) in 1 ms ✓, progress: 50%

2026-9-27 12:55:39 - debug: Add md5 suffix to assets start, progress: 50%

2026-9-27 12:55:39 - debug: // ---- build task Add md5 suffix to assets ----

2026-9-27 12:55:39 - log: run build task Add md5 suffix to assets success in √, progress: 60%

2026-9-27 12:55:39 - debug: [Build Memory track]: Add md5 suffix to assets start:235.14MB, end 234.73MB, increase: -414.30KB

2026-9-27 12:55:39 - debug: wechatgame:(onAfterBuild) start..., progress: 60%

2026-9-27 12:55:39 - debug: // ---- build task wechatgame：onAfterBuild ----

2026-9-27 12:55:40 - debug: // ---- build task wechatgame：onAfterBuild ---- (279ms)

2026-9-27 12:55:40 - debug: wechatgame:(onAfterBuild) in 279 ms ✓, progress: 62%

2026-9-27 12:55:40 - debug: cocos-service:(onAfterBuild) start..., progress: 62%

2026-9-27 12:55:40 - debug: // ---- build task cocos-service：onAfterBuild ----

2026-9-27 12:55:40 - debug: // ---- build task cocos-service：onAfterBuild ---- (1ms)

2026-9-27 12:55:40 - debug: cocos-service:(onAfterBuild) in 1 ms ✓, progress: 64%

2026-9-27 12:55:40 - debug: adsense-h5g-plugin:(onAfterBuild) start..., progress: 64%

2026-9-27 12:55:40 - debug: // ---- build task adsense-h5g-plugin：onAfterBuild ----

2026-9-27 12:55:40 - debug: adsense-h5g-plugin:(onAfterBuild) in 0 ms ✓, progress: 65%

2026-9-27 12:55:40 - log: Asset DB is resume!

2026-9-27 12:55:40 - debug: builder:build-project-total (5828ms)

2026-9-27 12:55:40 - debug: build task(wechatgame) in 5828!

2026-9-27 12:55:40 - debug: [Build Memory track]: builder:build-project-total start:399.41MB, end 236.30MB, increase: -167018.21KB

2026-9-27 12:55:40 - debug: ================================ build Task (wechatgame) Finished in (5 s)ms ================================

[53365:0927/125540.169834:ERROR:mach_port_rendezvous.cc(380)] bootstrap_look_up com.cocos.creator.MachPortRendezvousServer.53226: Unknown service name (1102)
[53365:0927/125540.169963:ERROR:shared_memory_switch.cc(237)] No rendezvous client, terminating process (parent died?)
{"mode":"compiled-output","platform":"wechatgame","sheets":10,"sourceFiles":99,"unused":16,"savedBytes":10480233,"beforeBytes":71959316,"afterBytes":61479083,"localMarginBytes":-40507563}
{
  before: 61479083,
  after: 14114952,
  localBudgetPassed: true,
  images: 43,
  removed: 27
}
