Input #0, matroska,webm, from 'evidence/PR2-FIX-20260927/officer-fixture.webm':
  Metadata:
    encoder         : Chrome
  Duration: N/A, start: 0.000000, bitrate: N/A
  Stream #0:0(eng): Video: vp8, yuv420p(tv, bt709, progressive), 780x1688, SAR 1:1 DAR 195:422, 59.94 tbr, 1k tbn (default)
    Metadata:
      alpha_mode      : 1
Stream mapping:
  Stream #0:0 -> #0:0 (vp8 (native) -> h264 (libx264))
Press [q] to stop, [?] for help
[libx264 @ 0x13a605d40] using SAR=1/1
[libx264 @ 0x13a605d40] using cpu capabilities: ARMv8 NEON
[libx264 @ 0x13a605d40] profile High, level 4.0, 4:2:0, 8-bit
[libx264 @ 0x13a605d40] 264 - core 164 r3075 66a5bc1 - H.264/MPEG-4 AVC codec - Copyleft 2003-2021 - http://www.videolan.org/x264.html - options: cabac=1 ref=2 deblock=1:0:0 analyse=0x3:0x113 me=hex subme=6 psy=1 psy_rd=1.00:0.00 mixed_ref=1 me_range=16 chroma_me=1 trellis=1 8x8dct=1 cqm=0 deadzone=21,11 fast_pskip=1 chroma_qp_offset=-2 threads=15 lookahead_threads=2 sliced_threads=0 nr=0 decimate=1 interlaced=0 bluray_compat=0 constrained_intra=0 bframes=3 b_pyramid=2 b_adapt=1 b_bias=0 direct=1 weightb=1 open_gop=0 weightp=1 keyint=250 keyint_min=25 scenecut=40 intra_refresh=0 rc_lookahead=30 rc=crf mbtree=1 crf=25.0 qcomp=0.60 qpmin=0 qpmax=69 qpstep=4 ip_ratio=1.40 aq=1:1.00
Output #0, mp4, to 'evidence/PR2-FIX-20260927/officer-fixture.mp4':
  Metadata:
    encoder         : Lavf60.3.100
  Stream #0:0(eng): Video: h264 (avc1 / 0x31637661), yuv420p(tv, bt470bg/bt709/bt709, progressive), 780x1688 [SAR 1:1 DAR 195:422], q=2-31, 30 fps, 15360 tbn (default)
    Metadata:
      alpha_mode      : 1
      encoder         : Lavc60.3.100 libx264
    Side data:
      cpb: bitrate max/min/avg: 0/0/0 buffer size: 0 vbv_delay: N/A
[mp4 @ 0x13a604d80] Starting second pass: moving the moov atom to the beginning of the file
frame=  298 fps=230 q=-1.0 Lsize=    2002kB time=00:00:09.83 bitrate=1668.0kbits/s speed=7.59x    
video:1998kB audio:0kB subtitle:0kB other streams:0kB global headers:0kB muxing overhead: 0.216536%
[libx264 @ 0x13a605d40] frame I:2     Avg QP:20.83  size:140206
[libx264 @ 0x13a605d40] frame P:81    Avg QP:22.30  size: 17374
[libx264 @ 0x13a605d40] frame B:215   Avg QP:28.80  size:  1662
[libx264 @ 0x13a605d40] consecutive B-frames:  2.0%  3.4%  6.0% 88.6%
[libx264 @ 0x13a605d40] mb I  I16..4: 25.6% 38.4% 36.1%
[libx264 @ 0x13a605d40] mb P  I16..4:  1.0%  1.7%  1.4%  P16..4: 26.4%  2.8%  2.9%  0.0%  0.0%    skip:63.8%
[libx264 @ 0x13a605d40] mb B  I16..4:  0.3%  0.6%  0.2%  B16..8:  2.8%  0.6%  0.1%  direct: 0.7%  skip:94.8%  L0:43.3% L1:51.5% BI: 5.2%
[libx264 @ 0x13a605d40] 8x8 transform intra:45.2% inter:36.7%
[libx264 @ 0x13a605d40] coded y,uvDC,uvAC intra: 69.4% 55.8% 32.1% inter: 4.9% 4.0% 0.9%
[libx264 @ 0x13a605d40] i16 v,h,dc,p: 16% 43% 28% 13%
[libx264 @ 0x13a605d40] i8 v,h,dc,ddl,ddr,vr,hd,vl,hu: 17% 41% 21%  3%  2%  2%  4%  3%  6%
[libx264 @ 0x13a605d40] i4 v,h,dc,ddl,ddr,vr,hd,vl,hu: 16% 27% 21%  6%  6%  5%  6%  6%  8%
[libx264 @ 0x13a605d40] i8c dc,h,v,p: 51% 27% 17%  4%
[libx264 @ 0x13a605d40] Weighted P-Frames: Y:0.0% UV:0.0%
[libx264 @ 0x13a605d40] ref P L0: 71.3% 28.7%
[libx264 @ 0x13a605d40] ref B L0: 83.0% 17.0%
[libx264 @ 0x13a605d40] ref B L1: 90.9%  9.1%
[libx264 @ 0x13a605d40] kb/s:1647.10
