Input #0, matroska,webm, from 'evidence/PR2-FIX-20260927/natural-ten.webm':
  Metadata:
    encoder         : Chrome
  Duration: N/A, start: 0.000000, bitrate: N/A
  Stream #0:0(eng): Video: vp8, yuv420p(tv, bt709, progressive), 780x1688, SAR 1:1 DAR 195:422, 1k tbr, 1k tbn (default)
    Metadata:
      alpha_mode      : 1
Stream mapping:
  Stream #0:0 -> #0:0 (vp8 (native) -> h264 (libx264))
Press [q] to stop, [?] for help
[libx264 @ 0x12b613cf0] using SAR=1/1
[libx264 @ 0x12b613cf0] using cpu capabilities: ARMv8 NEON
[libx264 @ 0x12b613cf0] profile High, level 3.0, 4:2:0, 8-bit
[libx264 @ 0x12b613cf0] 264 - core 164 r3075 66a5bc1 - H.264/MPEG-4 AVC codec - Copyleft 2003-2021 - http://www.videolan.org/x264.html - options: cabac=1 ref=3 deblock=1:0:0 analyse=0x3:0x113 me=hex subme=7 psy=1 psy_rd=1.00:0.00 mixed_ref=1 me_range=16 chroma_me=1 trellis=1 8x8dct=1 cqm=0 deadzone=21,11 fast_pskip=1 chroma_qp_offset=-2 threads=15 lookahead_threads=2 sliced_threads=0 nr=0 decimate=1 interlaced=0 bluray_compat=0 constrained_intra=0 bframes=3 b_pyramid=2 b_adapt=1 b_bias=0 direct=1 weightb=1 open_gop=0 weightp=2 keyint=250 keyint_min=25 scenecut=40 intra_refresh=0 rc_lookahead=40 rc=crf mbtree=1 crf=24.0 qcomp=0.60 qpmin=0 qpmax=69 qpstep=4 ip_ratio=1.40 aq=1:1.00
Output #0, mp4, to 'evidence/PR2-FIX-20260927/chapter4-natural.mp4':
  Metadata:
    encoder         : Lavf60.3.100
  Stream #0:0(eng): Video: h264 (avc1 / 0x31637661), yuv420p(tv, bt470bg/bt709/bt709, progressive), 390x844 [SAR 1:1 DAR 195:422], q=2-31, 30 fps, 15360 tbn (default)
    Metadata:
      alpha_mode      : 1
      encoder         : Lavc60.3.100 libx264
    Side data:
      cpb: bitrate max/min/avg: 0/0/0 buffer size: 0 vbv_delay: N/A
[mp4 @ 0x12b612ec0] Starting second pass: moving the moov atom to the beginning of the file
frame= 1279 fps=250 q=-1.0 Lsize=    7857kB time=00:00:42.53 bitrate=1513.4kbits/s speed= 8.3x    
video:7842kB audio:0kB subtitle:0kB other streams:0kB global headers:0kB muxing overhead: 0.200039%
[libx264 @ 0x12b613cf0] frame I:7     Avg QP:21.36  size: 42588
[libx264 @ 0x12b613cf0] frame P:347   Avg QP:24.98  size: 13324
[libx264 @ 0x12b613cf0] frame B:925   Avg QP:29.03  size:  3360
[libx264 @ 0x12b613cf0] consecutive B-frames:  1.4%  3.6%  8.7% 86.3%
[libx264 @ 0x12b613cf0] mb I  I16..4:  9.9% 53.2% 36.9%
[libx264 @ 0x12b613cf0] mb P  I16..4:  2.4%  7.9%  3.9%  P16..4: 27.7% 14.4%  9.3%  0.0%  0.0%    skip:34.3%
[libx264 @ 0x12b613cf0] mb B  I16..4:  0.4%  0.8%  0.3%  B16..8: 25.3%  8.2%  2.4%  direct: 3.1%  skip:59.4%  L0:47.5% L1:42.9% BI: 9.6%
[libx264 @ 0x12b613cf0] 8x8 transform intra:55.5% inter:63.6%
[libx264 @ 0x12b613cf0] coded y,uvDC,uvAC intra: 68.6% 69.1% 44.4% inter: 19.6% 12.4% 1.9%
[libx264 @ 0x12b613cf0] i16 v,h,dc,p: 15% 50% 13% 21%
[libx264 @ 0x12b613cf0] i8 v,h,dc,ddl,ddr,vr,hd,vl,hu: 18% 28% 27%  3%  4%  6%  4%  5%  5%
[libx264 @ 0x12b613cf0] i4 v,h,dc,ddl,ddr,vr,hd,vl,hu: 22% 24% 15%  6%  7%  8%  6%  7%  6%
[libx264 @ 0x12b613cf0] i8c dc,h,v,p: 48% 25% 20%  7%
[libx264 @ 0x12b613cf0] Weighted P-Frames: Y:0.3% UV:0.0%
[libx264 @ 0x12b613cf0] ref P L0: 54.1% 15.6% 15.0% 15.3%  0.0%
[libx264 @ 0x12b613cf0] ref B L0: 88.8%  8.5%  2.7%
[libx264 @ 0x12b613cf0] ref B L1: 96.8%  3.2%
[libx264 @ 0x12b613cf0] kb/s:1506.66
