Input #0, matroska,webm, from 'evidence/PR2-FIX-20260927/flow-fixtures.webm':
  Metadata:
    encoder         : Chrome
  Duration: N/A, start: 0.000000, bitrate: N/A
  Stream #0:0(eng): Video: vp8, yuv420p(tv, bt709, progressive), 780x1688, SAR 1:1 DAR 195:422, 30 fps, 30 tbr, 1k tbn (default)
    Metadata:
      alpha_mode      : 1
Stream mapping:
  Stream #0:0 -> #0:0 (vp8 (native) -> h264 (libx264))
Press [q] to stop, [?] for help
[libx264 @ 0x12300af00] using SAR=1/1
[libx264 @ 0x12300af00] using cpu capabilities: ARMv8 NEON
[libx264 @ 0x12300af00] profile High, level 4.0, 4:2:0, 8-bit
[libx264 @ 0x12300af00] 264 - core 164 r3075 66a5bc1 - H.264/MPEG-4 AVC codec - Copyleft 2003-2021 - http://www.videolan.org/x264.html - options: cabac=1 ref=2 deblock=1:0:0 analyse=0x3:0x113 me=hex subme=6 psy=1 psy_rd=1.00:0.00 mixed_ref=1 me_range=16 chroma_me=1 trellis=1 8x8dct=1 cqm=0 deadzone=21,11 fast_pskip=1 chroma_qp_offset=-2 threads=15 lookahead_threads=2 sliced_threads=0 nr=0 decimate=1 interlaced=0 bluray_compat=0 constrained_intra=0 bframes=3 b_pyramid=2 b_adapt=1 b_bias=0 direct=1 weightb=1 open_gop=0 weightp=1 keyint=250 keyint_min=25 scenecut=40 intra_refresh=0 rc_lookahead=30 rc=crf mbtree=1 crf=25.0 qcomp=0.60 qpmin=0 qpmax=69 qpstep=4 ip_ratio=1.40 aq=1:1.00
Output #0, mp4, to 'evidence/PR2-FIX-20260927/flow-fixtures.mp4':
  Metadata:
    encoder         : Lavf60.3.100
  Stream #0:0(eng): Video: h264 (avc1 / 0x31637661), yuv420p(tv, bt470bg/bt709/bt709, progressive), 780x1688 [SAR 1:1 DAR 195:422], q=2-31, 30 fps, 15360 tbn (default)
    Metadata:
      alpha_mode      : 1
      encoder         : Lavc60.3.100 libx264
    Side data:
      cpb: bitrate max/min/avg: 0/0/0 buffer size: 0 vbv_delay: N/A
[mp4 @ 0x123008ca0] Starting second pass: moving the moov atom to the beginning of the file
frame=  376 fps=180 q=-1.0 Lsize=    3601kB time=00:00:12.43 bitrate=2372.4kbits/s speed=5.97x    
video:3595kB audio:0kB subtitle:0kB other streams:0kB global headers:0kB muxing overhead: 0.144658%
[libx264 @ 0x12300af00] frame I:9     Avg QP:22.76  size: 91633
[libx264 @ 0x12300af00] frame P:113   Avg QP:22.18  size: 16465
[libx264 @ 0x12300af00] frame B:254   Avg QP:25.13  size:  3921
[libx264 @ 0x12300af00] consecutive B-frames:  6.6%  6.9%  8.8% 77.7%
[libx264 @ 0x12300af00] mb I  I16..4: 26.4% 47.6% 26.0%
[libx264 @ 0x12300af00] mb P  I16..4:  2.5%  5.3%  0.8%  P16..4: 23.7%  4.2%  2.7%  0.0%  0.0%    skip:60.7%
[libx264 @ 0x12300af00] mb B  I16..4:  1.5%  1.9%  0.1%  B16..8:  6.1%  1.4%  0.1%  direct: 1.9%  skip:87.0%  L0:48.6% L1:38.9% BI:12.5%
[libx264 @ 0x12300af00] 8x8 transform intra:54.4% inter:46.8%
[libx264 @ 0x12300af00] coded y,uvDC,uvAC intra: 48.2% 41.0% 15.2% inter: 7.0% 5.4% 0.9%
[libx264 @ 0x12300af00] i16 v,h,dc,p: 31% 34% 28%  7%
[libx264 @ 0x12300af00] i8 v,h,dc,ddl,ddr,vr,hd,vl,hu: 17% 34% 27%  2%  3%  3%  5%  3%  6%
[libx264 @ 0x12300af00] i4 v,h,dc,ddl,ddr,vr,hd,vl,hu: 20% 29% 18%  5%  5%  5%  6%  5%  6%
[libx264 @ 0x12300af00] i8c dc,h,v,p: 57% 26% 15%  3%
[libx264 @ 0x12300af00] Weighted P-Frames: Y:0.0% UV:0.0%
[libx264 @ 0x12300af00] ref P L0: 78.4% 21.6%
[libx264 @ 0x12300af00] ref B L0: 87.8% 12.2%
[libx264 @ 0x12300af00] ref B L1: 93.6%  6.4%
[libx264 @ 0x12300af00] kb/s:2349.64
