Input #0, matroska,webm, from 'evidence/PR2-FIX-20260927/natural-ten.webm':
  Metadata:
    encoder         : Chrome
  Duration: N/A, start: 0.000000, bitrate: N/A
  Stream #0:0(eng): Video: vp8, yuv420p(tv, bt709, progressive), 780x1688, SAR 1:1 DAR 195:422, 1k tbr, 1k tbn (default)
    Metadata:
      alpha_mode      : 1
Stream mapping:
  Stream #0:0 -> #0:0 (vp8 (native) -> h264 (libx264))
Press [q] to stop, [?] for help
[libx264 @ 0x137206b80] using SAR=1/1
[libx264 @ 0x137206b80] using cpu capabilities: ARMv8 NEON
[libx264 @ 0x137206b80] profile High, level 3.0, 4:2:0, 8-bit
[libx264 @ 0x137206b80] 264 - core 164 r3075 66a5bc1 - H.264/MPEG-4 AVC codec - Copyleft 2003-2021 - http://www.videolan.org/x264.html - options: cabac=1 ref=3 deblock=1:0:0 analyse=0x3:0x113 me=hex subme=7 psy=1 psy_rd=1.00:0.00 mixed_ref=1 me_range=16 chroma_me=1 trellis=1 8x8dct=1 cqm=0 deadzone=21,11 fast_pskip=1 chroma_qp_offset=-2 threads=15 lookahead_threads=2 sliced_threads=0 nr=0 decimate=1 interlaced=0 bluray_compat=0 constrained_intra=0 bframes=3 b_pyramid=2 b_adapt=1 b_bias=0 direct=1 weightb=1 open_gop=0 weightp=2 keyint=250 keyint_min=25 scenecut=40 intra_refresh=0 rc_lookahead=40 rc=crf mbtree=1 crf=28.0 qcomp=0.60 qpmin=0 qpmax=69 qpstep=4 ip_ratio=1.40 aq=1:1.00
Output #0, mp4, to 'evidence/PR2-FIX-20260927/natural-ten.mp4':
  Metadata:
    encoder         : Lavf60.3.100
  Stream #0:0(eng): Video: h264 (avc1 / 0x31637661), yuv420p(tv, bt470bg/bt709/bt709, progressive), 390x844 [SAR 1:1 DAR 195:422], q=2-31, 30 fps, 15360 tbn (default)
    Metadata:
      alpha_mode      : 1
      encoder         : Lavc60.3.100 libx264
    Side data:
      cpb: bitrate max/min/avg: 0/0/0 buffer size: 0 vbv_delay: N/A
[mp4 @ 0x137204cc0] Starting second pass: moving the moov atom to the beginning of the file
frame=13717 fps=538 q=-1.0 Lsize=   42527kB time=00:07:37.13 bitrate= 762.1kbits/s speed=17.9x    
video:42368kB audio:0kB subtitle:0kB other streams:0kB global headers:0kB muxing overhead: 0.375363%
[libx264 @ 0x137206b80] frame I:77    Avg QP:25.20  size: 30930
[libx264 @ 0x137206b80] frame P:3877  Avg QP:28.96  size:  6602
[libx264 @ 0x137206b80] frame B:9763  Avg QP:33.35  size:  1578
[libx264 @ 0x137206b80] consecutive B-frames:  2.5%  5.1%  8.0% 84.4%
[libx264 @ 0x137206b80] mb I  I16..4: 14.3% 53.4% 32.3%
[libx264 @ 0x137206b80] mb P  I16..4:  2.3%  6.0%  1.9%  P16..4: 29.6%  9.8%  5.9%  0.0%  0.0%    skip:44.5%
[libx264 @ 0x137206b80] mb B  I16..4:  0.3%  0.5%  0.1%  B16..8: 26.9%  3.8%  0.8%  direct: 1.2%  skip:66.4%  L0:46.3% L1:50.5% BI: 3.2%
[libx264 @ 0x137206b80] 8x8 transform intra:57.2% inter:73.8%
[libx264 @ 0x137206b80] coded y,uvDC,uvAC intra: 57.6% 60.1% 34.4% inter: 11.1% 7.3% 0.7%
[libx264 @ 0x137206b80] i16 v,h,dc,p: 17% 53% 13% 17%
[libx264 @ 0x137206b80] i8 v,h,dc,ddl,ddr,vr,hd,vl,hu: 15% 26% 30%  4%  5%  5%  5%  5%  6%
[libx264 @ 0x137206b80] i4 v,h,dc,ddl,ddr,vr,hd,vl,hu: 21% 24% 17%  6%  7%  7%  6%  6%  6%
[libx264 @ 0x137206b80] i8c dc,h,v,p: 54% 24% 16%  6%
[libx264 @ 0x137206b80] Weighted P-Frames: Y:0.2% UV:0.1%
[libx264 @ 0x137206b80] ref P L0: 55.4% 14.9% 13.6% 16.0%  0.0%
[libx264 @ 0x137206b80] ref B L0: 87.9%  8.8%  3.3%
[libx264 @ 0x137206b80] ref B L1: 96.0%  4.0%
[libx264 @ 0x137206b80] kb/s:759.07
