TAP version 13
# Subtest: F1 named officer contact and missed viewport both retain life and start an encounter
ok 1 - F1 named officer contact and missed viewport both retain life and start an encounter
  ---
  duration_ms: 2.984125
  type: 'test'
  ...
# Subtest: F1/F2 only actual attacks defeat officers, recorded once, road resumes and settlement requires proof
ok 2 - F1/F2 only actual attacks defeat officers, recorded once, road resumes and settlement requires proof
  ---
  duration_ms: 1.025708
  type: 'test'
  ...
# Subtest: F3 Qixing rescue and Hua record only two real casualties, never twelve intended casualties
ok 3 - F3 Qixing rescue and Hua record only two real casualties, never twelve intended casualties
  ---
  duration_ms: 0.399709
  type: 'test'
  ...
# Subtest: F3 no rescue or used rescue ends defeat; pending healing cannot resurrect it
ok 4 - F3 no rescue or used rescue ends defeat; pending healing cannot resurrect it
  ---
  duration_ms: 0.396875
  type: 'test'
  ...
# Subtest: F3 continuous loss, Qingnang and cooldown use actual casualties once
ok 5 - F3 continuous loss, Qingnang and cooldown use actual casualties once
  ---
  duration_ms: 0.412708
  type: 'test'
  ...
# Subtest: F4 one budget covers enemy and boss; behind or beyond-range waves never hit
ok 6 - F4 one budget covers enemy and boss; behind or beyond-range waves never hit
  ---
  duration_ms: 0.9265
  type: 'test'
  ...
# Subtest: D1 four faction routes differ and every required officer is beyond blocking walls
ok 7 - D1 four faction routes differ and every required officer is beyond blocking walls
  ---
  duration_ms: 0.517917
  type: 'test'
  ...
# Subtest: D1 boss patterns launch distinct immutable attack bands
ok 8 - D1 boss patterns launch distinct immutable attack bands
  ---
  duration_ms: 0.437709
  type: 'test'
  ...
# Subtest: D3 Lu Bu and Dian Wei fire actual paired halberd projectiles
ok 9 - D3 Lu Bu and Dian Wei fire actual paired halberd projectiles
  ---
  duration_ms: 0.401083
  type: 'test'
  ...
1..9
# tests 9
# suites 0
# pass 9
# fail 0
# cancelled 0
# skipped 0
# todo 0
# duration_ms 137.387583
